<html>
<body>
<pre>
<h1>µVision Build Log</h1>
<h2>Tool Versions:</h2>
IDE-Version: ¦ÌVision V5.38.0.0
Copyright (C) 2022 ARM Ltd and ARM Germany GmbH. All rights reserved.
License Information: xuanqi CURI_user, cuhk, LIC=HN0AE-54SHG-GKWBG-VDH6T-FY8SY-Z7VVH
 
Tool Versions:
Toolchain:       MDK-ARM Plus  Version: 5.38.0.0
Toolchain Path:  C:\Keil_v5\ARM\ARMCC\Bin
C Compiler:      Armcc.exe V5.06 update 6 (build 750)
Assembler:       Armasm.exe V5.06 update 6 (build 750)
Linker/Locator:  ArmLink.exe V5.06 update 6 (build 750)
Library Manager: ArmAr.exe V5.06 update 6 (build 750)
Hex Converter:   FromElf.exe V5.06 update 6 (build 750)
CPU DLL:         
Dialog DLL:      DCM.DLL V1.17.5.0
Target DLL:      STLink\ST-LINKIII-KEIL_SWO.dll V3.1.0.0
Dialog DLL:      TCM.DLL V1.56.4.0
 
<h2>Project:</h2>
C:\Users\CURI_user\Desktop\Materials for ENGG5402\WLR_Controller\WLR_Controller\MDK-ARM\WLR_Controller.uvprojx
Project File Date:  04/15/2023

<h2>Output:</h2>
*** Using Compiler 'V5.06 update 6 (build 750)', folder: 'C:\Keil_v5\ARM\ARMCC\Bin'
Build target 'WLR_Controller'
compiling main.c...
../Core/Inc/main.h(66): warning:  #1295-D: Deprecated declaration robot_state_init - give arg types
  void robot_state_init();
..\MDK-ARM\motor_driver.h(53): warning:  #1-D: last line of file ends without a newline
  #endif /* __MOTRO_H__ */
..\MDK-ARM\WLR_controller.h(34): warning:  #1-D: last line of file ends without a newline
  kin_xy kinematic_2(float q1_2, float q2_2);
../Core/Src/main.c(224): warning:  #1035-D: single-precision operand implicitly converted to double-precision
  	i=i+0.1;
../Core/Src/main.c(305): warning:  #1035-D: single-precision operand implicitly converted to double-precision
  		if (yaw>=3.14)
../Core/Src/main.c(318): warning:  #1035-D: single-precision operand implicitly converted to double-precision
  		 if (rpy_t.yaw-yaw>1.4)
../Core/Src/main.c(320): warning:  #1035-D: single-precision operand implicitly converted to double-precision
  			 yaw=rpy_t.yaw+0.001;
../Core/Src/main.c(324): warning:  #1035-D: single-precision operand implicitly converted to double-precision
  			 yaw=rpy_t.yaw-0.001;
../Core/Src/main.c(619): warning:  #1035-D: single-precision operand implicitly converted to double-precision
  		IMU_check_cont=IMU_check_cont+0.0000000000001;
../Core/Src/main.c: 9 warnings, 0 errors
linking...
Program Size: Code=30246 RO-data=1026 RW-data=492 ZI-data=3276  
FromELF: creating hex file...
"WLR_Controller\WLR_Controller.axf" - 0 Error(s), 9 Warning(s).

<h2>Software Packages used:</h2>

Package Vendor: ARM
                http://www.keil.com/pack/ARM.CMSIS.5.9.0.pack
                ARM.CMSIS.5.9.0
                CMSIS (Common Microcontroller Software Interface Standard)
   * Component: CORE Version: 5.6.0

Package Vendor: Keil
                https://www.keil.com/pack/Keil.STM32F4xx_DFP.2.17.0.pack
                Keil.STM32F4xx_DFP.2.17.0
                STMicroelectronics STM32F4 Series Device Support, Drivers and Examples

<h2>Collection of Component include folders:</h2>
  ./RTE/_WLR_Controller
  C:/Users/CURI_user/AppData/Local/Arm/Packs/ARM/CMSIS/5.9.0/CMSIS/Core/Include
  C:/Users/CURI_user/AppData/Local/Arm/Packs/Keil/STM32F4xx_DFP/2.17.0/Drivers/CMSIS/Device/ST/STM32F4xx/Include

<h2>Collection of Component Files used:</h2>

   * Component: ARM::CMSIS:CORE:5.6.0
      Include file:  CMSIS/Core/Include/tz_context.h
Build Time Elapsed:  00:00:02
</pre>
</body>
</html>
