Component: ARM Compiler 5.06 update 6 (build 750) Tool: armlink [4d35ed]

==============================================================================

Section Cross References

    main.o(i.Encoder_Check) refers to main.o(.data) for ifok
    main.o(i.HAL_CAN_RxFifo0MsgPendingCallback) refers to stm32f4xx_hal_can.o(i.HAL_CAN_GetRxMessage) for HAL_CAN_GetRxMessage
    main.o(i.HAL_CAN_RxFifo0MsgPendingCallback) refers to main.o(i.data_process) for data_process
    main.o(i.HAL_CAN_RxFifo0MsgPendingCallback) refers to can.o(.bss) for hcan1
    main.o(i.HAL_CAN_RxFifo0MsgPendingCallback) refers to can.o(.data) for RxData_1
    main.o(i.HAL_CAN_RxFifo1MsgPendingCallback) refers to stm32f4xx_hal_can.o(i.HAL_CAN_GetRxMessage) for HAL_CAN_GetRxMessage
    main.o(i.HAL_CAN_RxFifo1MsgPendingCallback) refers to main.o(i.data_process_2) for data_process_2
    main.o(i.HAL_CAN_RxFifo1MsgPendingCallback) refers to can.o(.bss) for hcan2
    main.o(i.HAL_CAN_RxFifo1MsgPendingCallback) refers to can.o(.data) for RxData_2
    main.o(i.HAL_UART_RxCpltCallback) refers to main.o(i.uint8touint32) for uint8touint32
    main.o(i.HAL_UART_RxCpltCallback) refers to main.o(i.data_checksum) for data_checksum
    main.o(i.HAL_UART_RxCpltCallback) refers to stm32f4xx_hal_uart.o(i.HAL_UART_Receive_DMA) for HAL_UART_Receive_DMA
    main.o(i.HAL_UART_RxCpltCallback) refers to wlr_controller.o(i.q2rpy) for q2rpy
    main.o(i.HAL_UART_RxCpltCallback) refers to main.o(.bss) for IMU_data
    main.o(i.HAL_UART_RxCpltCallback) refers to main.o(.data) for checksum_t
    main.o(i.HAL_UART_RxCpltCallback) refers to usart.o(.bss) for huart6
    main.o(i.HAL_UART_TxCpltCallback) refers to stm32f4xx_hal_uart.o(i.HAL_UART_Transmit_DMA) for HAL_UART_Transmit_DMA
    main.o(i.HAL_UART_TxCpltCallback) refers to usart.o(.bss) for huart8
    main.o(i.HAL_UART_TxCpltCallback) refers to main.o(.data) for tail_flag
    main.o(i.HAL_UART_TxCpltCallback) refers to main.o(.bss) for ch
    main.o(i.IMU_check) refers to f2d.o(x$fpl$f2d) for __aeabi_f2d
    main.o(i.IMU_check) refers to daddsub_clz.o(x$fpl$dadd) for __aeabi_dadd
    main.o(i.IMU_check) refers to d2f.o(x$fpl$d2f) for __aeabi_d2f
    main.o(i.IMU_check) refers to fabs.o(i.__hardfp_fabs) for __hardfp_fabs
    main.o(i.IMU_check) refers to dleqf.o(x$fpl$dleqf) for __aeabi_cdcmple
    main.o(i.IMU_check) refers to main.o(.data) for IMU_check_cont
    main.o(i.IMU_check) refers to main.o(.bss) for q
    main.o(i.SystemClock_Config) refers to rt_memclr_w.o(.text) for __aeabi_memclr4
    main.o(i.SystemClock_Config) refers to stm32f4xx_hal_rcc.o(i.HAL_RCC_OscConfig) for HAL_RCC_OscConfig
    main.o(i.SystemClock_Config) refers to main.o(i.Error_Handler) for Error_Handler
    main.o(i.SystemClock_Config) refers to stm32f4xx_hal_rcc.o(i.HAL_RCC_ClockConfig) for HAL_RCC_ClockConfig
    main.o(i.data_process) refers to motor_driver.o(i.Feedback) for Feedback
    main.o(i.data_process) refers to can.o(.bss) for RxHeader_1
    main.o(i.data_process) refers to main.o(.data) for RxData_1_1
    main.o(i.data_process) refers to can.o(.data) for RxData_1
    main.o(i.data_process) refers to main.o(.bss) for report1
    main.o(i.data_process_2) refers to motor_driver.o(i.Feedback) for Feedback
    main.o(i.data_process_2) refers to can.o(.bss) for RxHeader_2
    main.o(i.data_process_2) refers to main.o(.data) for RxData_2_1
    main.o(i.data_process_2) refers to can.o(.data) for RxData_2
    main.o(i.data_process_2) refers to main.o(.bss) for report4
    main.o(i.main) refers to stm32f4xx_hal.o(i.HAL_Init) for HAL_Init
    main.o(i.main) refers to main.o(i.SystemClock_Config) for SystemClock_Config
    main.o(i.main) refers to gpio.o(i.MX_GPIO_Init) for MX_GPIO_Init
    main.o(i.main) refers to dma.o(i.MX_DMA_Init) for MX_DMA_Init
    main.o(i.main) refers to usart.o(i.MX_USART6_UART_Init) for MX_USART6_UART_Init
    main.o(i.main) refers to can.o(i.MX_CAN1_Init) for MX_CAN1_Init
    main.o(i.main) refers to can.o(i.MX_CAN2_Init) for MX_CAN2_Init
    main.o(i.main) refers to i2c.o(i.MX_I2C1_Init) for MX_I2C1_Init
    main.o(i.main) refers to usart.o(i.MX_USART1_UART_Init) for MX_USART1_UART_Init
    main.o(i.main) refers to usart.o(i.MX_UART8_Init) for MX_UART8_Init
    main.o(i.main) refers to stm32f4xx_hal_uart.o(i.HAL_UART_Receive_DMA) for HAL_UART_Receive_DMA
    main.o(i.main) refers to bsp_delay.o(i.delay_init) for delay_init
    main.o(i.main) refers to rt_memclr_w.o(.text) for __aeabi_memclr4
    main.o(i.main) refers to main.o(i.Encoder_Check) for Encoder_Check
    main.o(i.main) refers to main.o(i.IMU_check) for IMU_check
    main.o(i.main) refers to remote_control.o(i.remote_control_init) for remote_control_init
    main.o(i.main) refers to stm32f4xx_hal.o(i.HAL_Delay) for HAL_Delay
    main.o(i.main) refers to remote_control.o(i.get_remote_control_point) for get_remote_control_point
    main.o(i.main) refers to motor_driver.o(i.Motor_SetMode) for Motor_SetMode
[...]
    .bss                                     0x200004d4   Section      780  usart.o(.bss)
    .bss                                     0x200007e0   Section       12  motor_driver.o(.bss)
    .bss                                     0x200007ec   Section       94  remote_control.o(.bss)
    sbus_rx_buf                              0x20000802   Data          72  remote_control.o(.bss)
    .bss                                     0x2000084c   Section       12  wlr_controller.o(.bss)
    .bss                                     0x20000858   Section       96  libspace.o(.bss)
    HEAP                                     0x200008b8   Section      512  startup_stm32f427xx.o(HEAP)
    Heap_Mem                                 0x200008b8   Data         512  startup_stm32f427xx.o(HEAP)
    STACK                                    0x20000ab8   Section     1024  startup_stm32f427xx.o(STACK)
    Stack_Mem                                0x20000ab8   Data        1024  startup_stm32f427xx.o(STACK)
    __initial_sp                             0x20000eb8   Data           0  startup_stm32f427xx.o(STACK)

    Global Symbols

    Symbol Name                              Value     Ov Type        Size  Object(Section)

    BuildAttributes$$THM_ISAv4$E$P$D$K$B$S$7EM$VFPi3$EXTD16$VFPS$VFMA$PE$A:L22UL41UL21$X:L11$S22US41US21$IEEE1$IW$USESV6$~STKCKD$USESV7$~SHL$OTIME$ROPI$IEEEX$EBA8$UX$STANDARDLIB$REQ8$PRES8$EABIv2 0x00000000   Number         0  anon$$obj.o ABSOLUTE
    __ARM_use_no_argv                        0x00000000   Number         0  main.o ABSOLUTE
    __ARM_exceptions_init                     - Undefined Weak Reference
    __alloca_initialize                       - Undefined Weak Reference
    __arm_preinit_                            - Undefined Weak Reference
    __cpp_initialize__aeabi_                  - Undefined Weak Reference
    __cxa_finalize                            - Undefined Weak Reference
    __rt_locale                               - Undefined Weak Reference
    __sigvec_lookup                           - Undefined Weak Reference
    _atexit_init                              - Undefined Weak Reference
    _call_atexit_fns                          - Undefined Weak Reference
    _clock_init                               - Undefined Weak Reference
    _fp_trap_init                             - Undefined Weak Reference
    _fp_trap_shutdown                         - Undefined Weak Reference
    _get_lc_collate                           - Undefined Weak Reference
    _get_lc_ctype                             - Undefined Weak Reference
    _get_lc_monetary                          - Undefined Weak Reference
    _get_lc_numeric                           - Undefined Weak Reference
    _get_lc_time                              - Undefined Weak Reference
    _getenv_init                              - Undefined Weak Reference
    _handle_redirection                       - Undefined Weak Reference
    _init_alloc                               - Undefined Weak Reference
    _init_user_alloc                          - Undefined Weak Reference
    _initio                                   - Undefined Weak Reference
    _rand_init                                - Undefined Weak Reference
    _signal_finish                            - Undefined Weak Reference
    _signal_init                              - Undefined Weak Reference
    _terminate_alloc                          - Undefined Weak Reference
    _terminate_user_alloc                     - Undefined Weak Reference
    _terminateio                              - Undefined Weak Reference
    __Vectors_Size                           0x000001ac   Number         0  startup_stm32f427xx.o ABSOLUTE
    __Vectors                                0x08000000   Data           4  startup_stm32f427xx.o(RESET)
    __Vectors_End                            0x080001ac   Data           0  startup_stm32f427xx.o(RESET)
    __main                                   0x080001ad   Thumb Code     8  __main.o(!!!main)
    __scatterload                            0x080001b5   Thumb Code     0  __scatter.o(!!!scatter)
    __scatterload_rt2                        0x080001b5   Thumb Code    44  __scatter.o(!!!scatter)
    __scatterload_rt2_thumb_only             0x080001b5   Thumb Code     0  __scatter.o(!!!scatter)
    __scatterload_null                       0x080001c3   Thumb Code     0  __scatter.o(!!!scatter)
    __decompress                             0x080001e9   Thumb Code    58  __dczerorl.o(!!dczerorl)
    __decompress0                            0x080001e9   Thumb Code     0  __dczerorl.o(!!dczerorl)
    __scatterload_zeroinit                   0x08000225   Thumb Code    28  __scatter_zi.o(!!handler_zi)
    __rt_lib_init                            0x08000241   Thumb Code     0  libinit.o(.ARM.Collect$$libinit$$00000000)
    __rt_lib_init_fp_1                       0x08000243   Thumb Code     0  libinit2.o(.ARM.Collect$$libinit$$00000001)
    __rt_lib_init_alloca_1                   0x08000247   Thumb Code     0  libinit2.o(.ARM.Collect$$libinit$$0000002E)
    __rt_lib_init_argv_1                     0x08000247   Thumb Code     0  libinit2.o(.ARM.Collect$$libinit$$0000002C)
    __rt_lib_init_atexit_1                   0x08000247   Thumb Code     0  libinit2.o(.ARM.Collect$$libinit$$0000001B)
    __rt_lib_init_clock_1                    0x08000247   Thumb Code     0  libinit2.o(.ARM.Collect$$libinit$$00000021)
    __rt_lib_init_cpp_1                      0x08000247   Thumb Code     0  libinit2.o(.ARM.Collect$$libinit$$00000032)
    __rt_lib_init_exceptions_1               0x08000247   Thumb Code     0  libinit2.o(.ARM.Collect$$libinit$$00000030)
    __rt_lib_init_fp_trap_1                  0x08000247   Thumb Code     0  libinit2.o(.ARM.Collect$$libinit$$0000001F)
    __rt_lib_init_getenv_1                   0x08000247   Thumb Code     0  libinit2.o(.ARM.Collect$$libinit$$00000023)
    __rt_lib_init_heap_1                     0x08000247   Thumb Code     0  libinit2.o(.ARM.Collect$$libinit$$0000000A)
    __rt_lib_init_lc_collate_1               0x08000247   Thumb Code     0  libinit2.o(.ARM.Collect$$libinit$$00000011)
    __rt_lib_init_lc_ctype_1                 0x08000247   Thumb Code     0  libinit2.o(.ARM.Collect$$libinit$$00000013)
    __rt_lib_init_lc_monetary_1              0x08000247   Thumb Code     0  libinit2.o(.ARM.Collect$$libinit$$00000015)
    __rt_lib_init_lc_numeric_1               0x08000247   Thumb Code     0  libinit2.o(.ARM.Collect$$libinit$$00000017)
    __rt_lib_init_lc_time_1                  0x08000247   Thumb Code     0  libinit2.o(.ARM.Collect$$libinit$$00000019)
    __rt_lib_init_preinit_1                  0x08000247   Thumb Code     0  libinit2.o(.ARM.Collect$$libinit$$00000004)
    __rt_lib_init_rand_1                     0x08000247   Thumb Code     0  libinit2.o(.ARM.Collect$$libinit$$0000000E)
    __rt_lib_init_return                     0x08000247   Thumb Code     0  libinit2.o(.ARM.Collect$$libinit$$00000033)
    __rt_lib_init_signal_1                   0x08000247   Thumb Code     0  libinit2.o(.ARM.Collect$$libinit$$0000001D)
    __rt_lib_init_stdio_1                    0x08000247   Thumb Code     0  libinit2.o(.ARM.Collect$$libinit$$00000025)
    __rt_lib_init_user_alloc_1               0x08000247   Thumb Code     0  libinit2.o(.ARM.Collect$$libinit$$0000000C)
    __rt_lib_shutdown                        0x08000249   Thumb Code     0  libshutdown.o(.ARM.Collect$$libshutdown$$00000000)
    __rt_lib_shutdown_cpp_1                  0x0800024b   Thumb Code     0  libshutdown2.o(.ARM.Collect$$libshutdown$$00000002)
    __rt_lib_shutdown_fp_trap_1              0x0800024b   Thumb Code     0  libshutdown2.o(.ARM.Collect$$libshutdown$$00000007)
    __rt_lib_shutdown_heap_1                 0x0800024b   Thumb Code     0  libshutdown2.o(.ARM.Collect$$libshutdown$$0000000F)
    __rt_lib_shutdown_return                 0x0800024b   Thumb Code     0  libshutdown2.o(.ARM.Collect$$libshutdown$$00000010)
    __rt_lib_shutdown_signal_1               0x0800024b   Thumb Code     0  libshutdown2.o(.ARM.Collect$$libshutdown$$0000000A)
    __rt_lib_shutdown_stdio_1                0x0800024b   Thumb Code     0  libshutdown2.o(.ARM.Collect$$libshutdown$$00000004)
    __rt_lib_shutdown_user_alloc_1           0x0800024b   Thumb Code     0  libshutdown2.o(.ARM.Collect$$libshutdown$$0000000C)
    __rt_entry                               0x0800024d   Thumb Code     0  __rtentry.o(.ARM.Collect$$rtentry$$00000000)
    __rt_entry_presh_1                       0x0800024d   Thumb Code     0  __rtentry2.o(.ARM.Collect$$rtentry$$00000002)
    __rt_entry_sh                            0x0800024d   Thumb Code     0  __rtentry4.o(.ARM.Collect$$rtentry$$00000004)
    __rt_entry_li                            0x08000253   Thumb Code     0  __rtentry2.o(.ARM.Collect$$rtentry$$0000000A)
    __rt_entry_postsh_1                      0x08000253   Thumb Code     0  __rtentry2.o(.ARM.Collect$$rtentry$$00000009)
    __rt_entry_main                          0x08000257   Thumb Code     0  __rtentry2.o(.ARM.Collect$$rtentry$$0000000D)
    __rt_entry_postli_1                      0x08000257   Thumb Code     0  __rtentry2.o(.ARM.Collect$$rtentry$$0000000C)
    __rt_exit                                0x0800025f   Thumb Code     0  rtexit.o(.ARM.Collect$$rtexit$$00000000)
    __rt_exit_ls                             0x08000261   Thumb Code     0  rtexit2.o(.ARM.Collect$$rtexit$$00000003)
    __rt_exit_prels_1                        0x08000261   Thumb Code     0  rtexit2.o(.ARM.Collect$$rtexit$$00000002)
    __rt_exit_exit                           0x08000265   Thumb Code     0  rtexit2.o(.ARM.Collect$$rtexit$$00000004)
    Reset_Handler                            0x0800026d   Thumb Code     8  startup_stm32f427xx.o(.text)
    ADC_IRQHandler                           0x08000287   Thumb Code     0  startup_stm32f427xx.o(.text)
    CAN1_RX1_IRQHandler                      0x08000287   Thumb Code     0  startup_stm32f427xx.o(.text)
    CAN1_SCE_IRQHandler                      0x08000287   Thumb Code     0  startup_stm32f427xx.o(.text)
    CAN1_TX_IRQHandler                       0x08000287   Thumb Code     0  startup_stm32f427xx.o(.text)
    CAN2_RX0_IRQHandler                      0x08000287   Thumb Code     0  startup_stm32f427xx.o(.text)
    CAN2_SCE_IRQHandler                      0x08000287   Thumb Code     0  startup_stm32f427xx.o(.text)
    CAN2_TX_IRQHandler                       0x08000287   Thumb Code     0  startup_stm32f427xx.o(.text)
    DCMI_IRQHandler                          0x08000287   Thumb Code     0  startup_stm32f427xx.o(.text)
    DMA1_Stream1_IRQHandler                  0x08000287   Thumb Code     0  startup_stm32f427xx.o(.text)
    DMA1_Stream2_IRQHandler                  0x08000287   Thumb Code     0  startup_stm32f427xx.o(.text)
    DMA1_Stream3_IRQHandler                  0x08000287   Thumb Code     0  startup_stm32f427xx.o(.text)
    DMA1_Stream4_IRQHandler                  0x08000287   Thumb Code     0  startup_stm32f427xx.o(.text)
    DMA1_Stream5_IRQHandler                  0x08000287   Thumb Code     0  startup_stm32f427xx.o(.text)
    DMA1_Stream7_IRQHandler                  0x08000287   Thumb Code     0  startup_stm32f427xx.o(.text)
    DMA2D_IRQHandler                         0x08000287   Thumb Code     0  startup_stm32f427xx.o(.text)
    DMA2_Stream0_IRQHandler                  0x08000287   Thumb Code     0  startup_stm32f427xx.o(.text)
    DMA2_Stream3_IRQHandler                  0x08000287   Thumb Code     0  startup_stm32f427xx.o(.text)
    DMA2_Stream4_IRQHandler                  0x08000287   Thumb Code     0  startup_stm32f427xx.o(.text)
    DMA2_Stream5_IRQHandler                  0x08000287   Thumb Code     0  startup_stm32f427xx.o(.text)
    ETH_IRQHandler                           0x08000287   Thumb Code     0  startup_stm32f427xx.o(.text)
    ETH_WKUP_IRQHandler                      0x08000287   Thumb Code     0  startup_stm32f427xx.o(.text)
    EXTI0_IRQHandler                         0x08000287   Thumb Code     0  startup_stm32f427xx.o(.text)
    EXTI15_10_IRQHandler                     0x08000287   Thumb Code     0  startup_stm32f427xx.o(.text)
    EXTI1_IRQHandler                         0x08000287   Thumb Code     0  startup_stm32f427xx.o(.text)
    EXTI2_IRQHandler                         0x08000287   Thumb Code     0  startup_stm32f427xx.o(.text)
    EXTI3_IRQHandler                         0x08000287   Thumb Code     0  startup_stm32f427xx.o(.text)
    EXTI4_IRQHandler                         0x08000287   Thumb Code     0  startup_stm32f427xx.o(.text)
    EXTI9_5_IRQHandler                       0x08000287   Thumb Code     0  startup_stm32f427xx.o(.text)
    FLASH_IRQHandler                         0x08000287   Thumb Code     0  startup_stm32f427xx.o(.text)
    FMC_IRQHandler                           0x08000287   Thumb Code     0  startup_stm32f427xx.o(.text)
    FPU_IRQHandler                           0x08000287   Thumb Code     0  startup_stm32f427xx.o(.text)
    HASH_RNG_IRQHandler                      0x08000287   Thumb Code     0  startup_stm32f427xx.o(.text)
    I2C1_ER_IRQHandler                       0x08000287   Thumb Code     0  startup_stm32f427xx.o(.text)
    I2C1_EV_IRQHandler                       0x08000287   Thumb Code     0  startup_stm32f427xx.o(.text)
    I2C2_ER_IRQHandler                       0x08000287   Thumb Code     0  startup_stm32f427xx.o(.text)
    I2C2_EV_IRQHandler                       0x08000287   Thumb Code     0  startup_stm32f427xx.o(.text)
    I2C3_ER_IRQHandler                       0x08000287   Thumb Code     0  startup_stm32f427xx.o(.text)
    I2C3_EV_IRQHandler                       0x08000287   Thumb Code     0  startup_stm32f427xx.o(.text)
    OTG_FS_IRQHandler                        0x08000287   Thumb Code     0  startup_stm32f427xx.o(.text)
    OTG_FS_WKUP_IRQHandler                   0x08000287   Thumb Code     0  startup_stm32f427xx.o(.text)
    OTG_HS_EP1_IN_IRQHandler                 0x08000287   Thumb Code     0  startup_stm32f427xx.o(.text)
    OTG_HS_EP1_OUT_IRQHandler                0x08000287   Thumb Code     0  startup_stm32f427xx.o(.text)
    OTG_HS_IRQHandler                        0x08000287   Thumb Code     0  startup_stm32f427xx.o(.text)
    OTG_HS_WKUP_IRQHandler                   0x08000287   Thumb Code     0  startup_stm32f427xx.o(.text)
    PVD_IRQHandler                           0x08000287   Thumb Code     0  startup_stm32f427xx.o(.text)
    RCC_IRQHandler                           0x08000287   Thumb Code     0  startup_stm32f427xx.o(.text)
    RTC_Alarm_IRQHandler                     0x08000287   Thumb Code     0  startup_stm32f427xx.o(.text)
    RTC_WKUP_IRQHandler                      0x08000287   Thumb Code     0  startup_stm32f427xx.o(.text)
    SAI1_IRQHandler                          0x08000287   Thumb Code     0  startup_stm32f427xx.o(.text)
    SDIO_IRQHandler                          0x08000287   Thumb Code     0  startup_stm32f427xx.o(.text)
    SPI1_IRQHandler                          0x08000287   Thumb Code     0  startup_stm32f427xx.o(.text)
    SPI2_IRQHandler                          0x08000287   Thumb Code     0  startup_stm32f427xx.o(.text)
    SPI3_IRQHandler                          0x08000287   Thumb Code     0  startup_stm32f427xx.o(.text)
    SPI4_IRQHandler                          0x08000287   Thumb Code     0  startup_stm32f427xx.o(.text)
    SPI5_IRQHandler                          0x08000287   Thumb Code     0  startup_stm32f427xx.o(.text)
    SPI6_IRQHandler                          0x08000287   Thumb Code     0  startup_stm32f427xx.o(.text)
    TAMP_STAMP_IRQHandler                    0x08000287   Thumb Code     0  startup_stm32f427xx.o(.text)
    TIM1_BRK_TIM9_IRQHandler                 0x08000287   Thumb Code     0  startup_stm32f427xx.o(.text)
    TIM1_CC_IRQHandler                       0x08000287   Thumb Code     0  startup_stm32f427xx.o(.text)
    TIM1_TRG_COM_TIM11_IRQHandler            0x08000287   Thumb Code     0  startup_stm32f427xx.o(.text)
    TIM1_UP_TIM10_IRQHandler                 0x08000287   Thumb Code     0  startup_stm32f427xx.o(.text)
    TIM2_IRQHandler                          0x08000287   Thumb Code     0  startup_stm32f427xx.o(.text)
    TIM3_IRQHandler                          0x08000287   Thumb Code     0  startup_stm32f427xx.o(.text)
    TIM4_IRQHandler                          0x08000287   Thumb Code     0  startup_stm32f427xx.o(.text)
    TIM5_IRQHandler                          0x08000287   Thumb Code     0  startup_stm32f427xx.o(.text)
    TIM6_DAC_IRQHandler                      0x08000287   Thumb Code     0  startup_stm32f427xx.o(.text)
    TIM7_IRQHandler                          0x08000287   Thumb Code     0  startup_stm32f427xx.o(.text)
    TIM8_BRK_TIM12_IRQHandler                0x08000287   Thumb Code     0  startup_stm32f427xx.o(.text)
    TIM8_CC_IRQHandler                       0x08000287   Thumb Code     0  startup_stm32f427xx.o(.text)
    TIM8_TRG_COM_TIM14_IRQHandler            0x08000287   Thumb Code     0  startup_stm32f427xx.o(.text)
    TIM8_UP_TIM13_IRQHandler                 0x08000287   Thumb Code     0  startup_stm32f427xx.o(.text)
    UART4_IRQHandler                         0x08000287   Thumb Code     0  startup_stm32f427xx.o(.text)
    UART5_IRQHandler                         0x08000287   Thumb Code     0  startup_stm32f427xx.o(.text)
    UART7_IRQHandler                         0x08000287   Thumb Code     0  startup_stm32f427xx.o(.text)
    USART2_IRQHandler                        0x08000287   Thumb Code     0  startup_stm32f427xx.o(.text)
    USART3_IRQHandler                        0x08000287   Thumb Code     0  startup_stm32f427xx.o(.text)
    WWDG_IRQHandler                          0x08000287   Thumb Code     0  startup_stm32f427xx.o(.text)
    __user_initial_stackheap                 0x08000289   Thumb Code     0  startup_stm32f427xx.o(.text)
    __aeabi_uldivmod                         0x080002ad   Thumb Code     0  lludivv7m.o(.text)
    _ll_udiv                                 0x080002ad   Thumb Code   238  lludivv7m.o(.text)
    __aeabi_memclr4                          0x0800039b   Thumb Code     0  rt_memclr_w.o(.text)
    __aeabi_memclr8                          0x0800039b   Thumb Code     0  rt_memclr_w.o(.text)
    __rt_memclr_w                            0x0800039b   Thumb Code    78  rt_memclr_w.o(.text)
    _memset_w                                0x0800039f   Thumb Code     0  rt_memclr_w.o(.text)
    __use_two_region_memory                  0x080003e9   Thumb Code     2  heapauxi.o(.text)
    __rt_heap_escrow$2region                 0x080003eb   Thumb Code     2  heapauxi.o(.text)
    __rt_heap_expand$2region                 0x080003ed   Thumb Code     2  heapauxi.o(.text)
    __read_errno                             0x080003ef   Thumb Code    10  _rserrno.o(.text)
    __set_errno                              0x080003f9   Thumb Code    12  _rserrno.o(.text)
    __aeabi_errno_addr                       0x08000405   Thumb Code     8  rt_errno_addr_intlibspace.o(.text)
    __errno$intlibspace                      0x08000405   Thumb Code     0  rt_errno_addr_intlibspace.o(.text)
    __rt_errno_addr$intlibspace              0x08000405   Thumb Code     0  rt_errno_addr_intlibspace.o(.text)
    __user_libspace                          0x0800040d   Thumb Code     8  libspace.o(.text)
    __user_perproc_libspace                  0x0800040d   Thumb Code     0  libspace.o(.text)
    __user_perthread_libspace                0x0800040d   Thumb Code     0  libspace.o(.text)
    __user_setup_stackheap                   0x08000415   Thumb Code    74  sys_stackheap_outer.o(.text)
    exit                                     0x0800045f   Thumb Code    18  exit.o(.text)
    _sys_exit                                0x08000471   Thumb Code     8  sys_exit.o(.text)
    __I$use$semihosting                      0x0800047d   Thumb Code     0  use_no_semi.o(.text)
    __use_no_semihosting_swi                 0x0800047d   Thumb Code     2  use_no_semi.o(.text)
    BusFault_Handler                         0x0800047f   Thumb Code     4  stm32f4xx_it.o(i.BusFault_Handler)
    __semihosting_library_function           0x0800047f   Thumb Code     0  indicate_semi.o(.text)
    CAN1_RX0_IRQHandler                      0x08000485   Thumb Code    10  stm32f4xx_it.o(i.CAN1_RX0_IRQHandler)
    CAN2_RX1_IRQHandler                      0x08000495   Thumb Code    10  stm32f4xx_it.o(i.CAN2_RX1_IRQHandler)
    DMA1_Stream0_IRQHandler                  0x080004a5   Thumb Code    10  stm32f4xx_it.o(i.DMA1_Stream0_IRQHandler)
    DMA1_Stream6_IRQHandler                  0x080004b5   Thumb Code    10  stm32f4xx_it.o(i.DMA1_Stream6_IRQHandler)
    DMA2_Stream1_IRQHandler                  0x080004c5   Thumb Code    10  stm32f4xx_it.o(i.DMA2_Stream1_IRQHandler)
    DMA2_Stream2_IRQHandler                  0x080004d5   Thumb Code    10  stm32f4xx_it.o(i.DMA2_Stream2_IRQHandler)
    DMA2_Stream6_IRQHandler                  0x080004e5   Thumb Code    10  stm32f4xx_it.o(i.DMA2_Stream6_IRQHandler)
    DMA2_Stream7_IRQHandler                  0x080004f5   Thumb Code    10  stm32f4xx_it.o(i.DMA2_Stream7_IRQHandler)
    DebugMon_Handler                         0x0800060f   Thumb Code     2  stm32f4xx_it.o(i.DebugMon_Handler)
    Encoder_Check                            0x08000611   Thumb Code    12  main.o(i.Encoder_Check)
    Error_Handler                            0x08000621   Thumb Code     6  main.o(i.Error_Handler)
    Feedback                                 0x08000629   Thumb Code   334  motor_driver.o(i.Feedback)
    HAL_CAN_ActivateNotification             0x08000799   Thumb Code    42  stm32f4xx_hal_can.o(i.HAL_CAN_ActivateNotification)
    HAL_CAN_AddTxMessage                     0x080007c3   Thumb Code   342  stm32f4xx_hal_can.o(i.HAL_CAN_AddTxMessage)
    HAL_CAN_ConfigFilter                     0x08000919   Thumb Code   286  stm32f4xx_hal_can.o(i.HAL_CAN_ConfigFilter)
    HAL_CAN_ErrorCallback                    0x08000a3d   Thumb Code     2  stm32f4xx_hal_can.o(i.HAL_CAN_ErrorCallback)
    HAL_CAN_GetRxMessage                     0x08000a3f   Thumb Code   378  stm32f4xx_hal_can.o(i.HAL_CAN_GetRxMessage)
    HAL_CAN_IRQHandler                       0x08000bb9   Thumb Code   590  stm32f4xx_hal_can.o(i.HAL_CAN_IRQHandler)
    HAL_CAN_Init                             0x08000e07   Thumb Code   372  stm32f4xx_hal_can.o(i.HAL_CAN_Init)
    HAL_CAN_MspInit                          0x08000f7d   Thumb Code   330  can.o(i.HAL_CAN_MspInit)
    HAL_CAN_RxFifo0FullCallback              0x080010e1   Thumb Code     2  stm32f4xx_hal_can.o(i.HAL_CAN_RxFifo0FullCallback)
    HAL_CAN_RxFifo0MsgPendingCallback        0x080010e5   Thumb Code    32  main.o(i.HAL_CAN_RxFifo0MsgPendingCallback)
    HAL_CAN_RxFifo1FullCallback              0x08001115   Thumb Code     2  stm32f4xx_hal_can.o(i.HAL_CAN_RxFifo1FullCallback)
    HAL_CAN_RxFifo1MsgPendingCallback        0x08001119   Thumb Code    32  main.o(i.HAL_CAN_RxFifo1MsgPendingCallback)
    HAL_CAN_SleepCallback                    0x08001149   Thumb Code     2  stm32f4xx_hal_can.o(i.HAL_CAN_SleepCallback)
    HAL_CAN_Start                            0x0800114b   Thumb Code    94  stm32f4xx_hal_can.o(i.HAL_CAN_Start)
    HAL_CAN_TxMailbox0AbortCallback          0x080011a9   Thumb Code     2  stm32f4xx_hal_can.o(i.HAL_CAN_TxMailbox0AbortCallback)
    HAL_CAN_TxMailbox0CompleteCallback       0x080011ab   Thumb Code     2  stm32f4xx_hal_can.o(i.HAL_CAN_TxMailbox0CompleteCallback)
    HAL_CAN_TxMailbox1AbortCallback          0x080011ad   Thumb Code     2  stm32f4xx_hal_can.o(i.HAL_CAN_TxMailbox1AbortCallback)
    HAL_CAN_TxMailbox1CompleteCallback       0x080011af   Thumb Code     2  stm32f4xx_hal_can.o(i.HAL_CAN_TxMailbox1CompleteCallback)
    HAL_CAN_TxMailbox2AbortCallback          0x080011b1   Thumb Code     2  stm32f4xx_hal_can.o(i.HAL_CAN_TxMailbox2AbortCallback)
    HAL_CAN_TxMailbox2CompleteCallback       0x080011b3   Thumb Code     2  stm32f4xx_hal_can.o(i.HAL_CAN_TxMailbox2CompleteCallback)
    HAL_CAN_WakeUpFromRxMsgCallback          0x080011b5   Thumb Code     2  stm32f4xx_hal_can.o(i.HAL_CAN_WakeUpFromRxMsgCallback)
    HAL_DMA_Abort                            0x080011b7   Thumb Code   172  stm32f4xx_hal_dma.o(i.HAL_DMA_Abort)
    HAL_DMA_Abort_IT                         0x08001263   Thumb Code    40  stm32f4xx_hal_dma.o(i.HAL_DMA_Abort_IT)
    HAL_DMA_IRQHandler                       0x0800128d   Thumb Code   570  stm32f4xx_hal_dma.o(i.HAL_DMA_IRQHandler)
    HAL_DMA_Init                             0x080014cd   Thumb Code   232  stm32f4xx_hal_dma.o(i.HAL_DMA_Init)
    HAL_DMA_Start_IT                         0x080015b9   Thumb Code   146  stm32f4xx_hal_dma.o(i.HAL_DMA_Start_IT)
    HAL_Delay                                0x0800164d   Thumb Code    36  stm32f4xx_hal.o(i.HAL_Delay)
    HAL_GPIO_Init                            0x08001675   Thumb Code   474  stm32f4xx_hal_gpio.o(i.HAL_GPIO_Init)
    HAL_GetTick                              0x08001885   Thumb Code     6  stm32f4xx_hal.o(i.HAL_GetTick)
    HAL_I2CEx_ConfigAnalogFilter             0x08001891   Thumb Code    76  stm32f4xx_hal_i2c_ex.o(i.HAL_I2CEx_ConfigAnalogFilter)
    HAL_I2CEx_ConfigDigitalFilter            0x080018dd   Thumb Code    80  stm32f4xx_hal_i2c_ex.o(i.HAL_I2CEx_ConfigDigitalFilter)
    HAL_I2C_Init                             0x0800192d   Thumb Code   446  stm32f4xx_hal_i2c.o(i.HAL_I2C_Init)
    HAL_I2C_MspInit                          0x08001afd   Thumb Code   124  i2c.o(i.HAL_I2C_MspInit)
    HAL_IncTick                              0x08001b85   Thumb Code    16  stm32f4xx_hal.o(i.HAL_IncTick)
    HAL_Init                                 0x08001b9d   Thumb Code    54  stm32f4xx_hal.o(i.HAL_Init)
    HAL_InitTick                             0x08001bd9   Thumb Code    64  stm32f4xx_hal.o(i.HAL_InitTick)
    HAL_MspInit                              0x08001c25   Thumb Code    68  stm32f4xx_hal_msp.o(i.HAL_MspInit)
    HAL_NVIC_EnableIRQ                       0x08001c6d   Thumb Code    32  stm32f4xx_hal_cortex.o(i.HAL_NVIC_EnableIRQ)
    HAL_NVIC_SetPriority                     0x08001c8d   Thumb Code   124  stm32f4xx_hal_cortex.o(i.HAL_NVIC_SetPriority)
    HAL_NVIC_SetPriorityGrouping             0x08001d09   Thumb Code    32  stm32f4xx_hal_cortex.o(i.HAL_NVIC_SetPriorityGrouping)
    HAL_RCC_ClockConfig                      0x08001d31   Thumb Code   368  stm32f4xx_hal_rcc.o(i.HAL_RCC_ClockConfig)
    HAL_RCC_GetHCLKFreq                      0x08001eb5   Thumb Code     6  stm32f4xx_hal_rcc.o(i.HAL_RCC_GetHCLKFreq)
    HAL_RCC_GetPCLK1Freq                     0x08001ec1   Thumb Code    22  stm32f4xx_hal_rcc.o(i.HAL_RCC_GetPCLK1Freq)
    HAL_RCC_GetPCLK2Freq                     0x08001ee1   Thumb Code    22  stm32f4xx_hal_rcc.o(i.HAL_RCC_GetPCLK2Freq)
    HAL_RCC_GetSysClockFreq                  0x08001f01   Thumb Code   162  stm32f4xx_hal_rcc.o(i.HAL_RCC_GetSysClockFreq)
    HAL_RCC_OscConfig                        0x08001fb1   Thumb Code  1172  stm32f4xx_hal_rcc.o(i.HAL_RCC_OscConfig)
    HAL_SYSTICK_Config                       0x0800244d   Thumb Code    52  stm32f4xx_hal_cortex.o(i.HAL_SYSTICK_Config)
    HAL_UARTEx_RxEventCallback               0x08002481   Thumb Code     2  stm32f4xx_hal_uart.o(i.HAL_UARTEx_RxEventCallback)
    HAL_UART_ErrorCallback                   0x08002483   Thumb Code     2  stm32f4xx_hal_uart.o(i.HAL_UART_ErrorCallback)
    HAL_UART_IRQHandler                      0x08002485   Thumb Code   732  stm32f4xx_hal_uart.o(i.HAL_UART_IRQHandler)
    HAL_UART_Init                            0x08002765   Thumb Code   114  stm32f4xx_hal_uart.o(i.HAL_UART_Init)
    HAL_UART_MspInit                         0x080027d9   Thumb Code   754  usart.o(i.HAL_UART_MspInit)
    HAL_UART_Receive_DMA                     0x08002b09   Thumb Code    66  stm32f4xx_hal_uart.o(i.HAL_UART_Receive_DMA)
    HAL_UART_RxCpltCallback                  0x08002b4d   Thumb Code   162  main.o(i.HAL_UART_RxCpltCallback)
    HAL_UART_RxHalfCpltCallback              0x08002c11   Thumb Code     2  stm32f4xx_hal_uart.o(i.HAL_UART_RxHalfCpltCallback)
    HAL_UART_Transmit_DMA                    0x08002c15   Thumb Code   160  stm32f4xx_hal_uart.o(i.HAL_UART_Transmit_DMA)
    HAL_UART_TxCpltCallback                  0x08002cc1   Thumb Code    58  main.o(i.HAL_UART_TxCpltCallback)
    HAL_UART_TxHalfCpltCallback              0x08002d0d   Thumb Code     2  stm32f4xx_hal_uart.o(i.HAL_UART_TxHalfCpltCallback)
    HardFault_Handler                        0x08002d0f   Thumb Code     4  stm32f4xx_it.o(i.HardFault_Handler)
    IMU_check                                0x08002d15   Thumb Code   110  main.o(i.IMU_check)
    MX_CAN1_Init                             0x08002d9d   Thumb Code   134  can.o(i.MX_CAN1_Init)
    MX_CAN2_Init                             0x08002e2d   Thumb Code   130  can.o(i.MX_CAN2_Init)
    MX_DMA_Init                              0x08002eb9   Thumb Code   162  dma.o(i.MX_DMA_Init)
    MX_GPIO_Init                             0x08002f61   Thumb Code   186  gpio.o(i.MX_GPIO_Init)
    MX_I2C1_Init                             0x08003021   Thumb Code    76  i2c.o(i.MX_I2C1_Init)
    MX_UART8_Init                            0x08003079   Thumb Code    50  usart.o(i.MX_UART8_Init)
    MX_USART1_UART_Init                      0x080030b5   Thumb Code    48  usart.o(i.MX_USART1_UART_Init)
    MX_USART6_UART_Init                      0x080030f1   Thumb Code    50  usart.o(i.MX_USART6_UART_Init)
    MemManage_Handler                        0x0800312d   Thumb Code     4  stm32f4xx_it.o(i.MemManage_Handler)
    Motor_Drive                              0x08003131   Thumb Code   246  motor_driver.o(i.Motor_Drive)
    Motor_Drive_2                            0x08003239   Thumb Code   246  motor_driver.o(i.Motor_Drive_2)
    Motor_SetMode                            0x08003341   Thumb Code    30  motor_driver.o(i.Motor_SetMode)
    Motor_SetMode_2                          0x08003369   Thumb Code    30  motor_driver.o(i.Motor_SetMode_2)
    NMI_Handler                              0x08003391   Thumb Code     4  stm32f4xx_it.o(i.NMI_Handler)
    PID                                      0x08003395   Thumb Code   100  motor_driver.o(i.PID)
    PendSV_Handler                           0x08003409   Thumb Code     2  stm32f4xx_it.o(i.PendSV_Handler)
    RC_init                                  0x0800340d   Thumb Code   142  bsp_rc.o(i.RC_init)
    SVC_Handler                              0x080034a9   Thumb Code     2  stm32f4xx_it.o(i.SVC_Handler)
    SysTick_Handler                          0x080034ab   Thumb Code     8  stm32f4xx_it.o(i.SysTick_Handler)
    SystemClock_Config                       0x080034b5   Thumb Code   170  main.o(i.SystemClock_Config)
    SystemInit                               0x08003569   Thumb Code    14  system_stm32f4xx.o(i.SystemInit)
    UART8_IRQHandler                         0x0800357d   Thumb Code    10  stm32f4xx_it.o(i.UART8_IRQHandler)
    UART_Start_Receive_DMA                   0x08003afd   Thumb Code   196  stm32f4xx_hal_uart.o(i.UART_Start_Receive_DMA)
    USART1_IRQHandler                        0x08003c2d   Thumb Code   264  remote_control.o(i.USART1_IRQHandler)
    USART6_IRQHandler                        0x08003d51   Thumb Code    10  stm32f4xx_it.o(i.USART6_IRQHandler)
    USER_CAN_Send                            0x08003d61   Thumb Code    30  can.o(i.USER_CAN_Send)
    USER_CAN_Send_2                          0x08003d91   Thumb Code    30  can.o(i.USER_CAN_Send_2)
    UsageFault_Handler                       0x08003dc1   Thumb Code     4  stm32f4xx_it.o(i.UsageFault_Handler)
    __ARM_fpclassify                         0x08003dc5   Thumb Code    48  fpclassify.o(i.__ARM_fpclassify)
    __ARM_fpclassifyf                        0x08003df5   Thumb Code    38  fpclassifyf.o(i.__ARM_fpclassifyf)
    __hardfp_acos                            0x08003e59   Thumb Code   738  acos.o(i.__hardfp_acos)
    __hardfp_asinf                           0x080041b1   Thumb Code   258  asinf.o(i.__hardfp_asinf)
    __hardfp_atan                            0x080042e1   Thumb Code   622  atan.o(i.__hardfp_atan)
    __hardfp_atan2                           0x080045b9   Thumb Code   432  atan2.o(i.__hardfp_atan2)
    __hardfp_cos                             0x080047a9   Thumb Code   180  cos.o(i.__hardfp_cos)
    __hardfp_fabs                            0x08004871   Thumb Code    20  fabs.o(i.__hardfp_fabs)
    __hardfp_fmin                            0x08004885   Thumb Code   116  fmin.o(i.__hardfp_fmin)
    __hardfp_sin                             0x080048f9   Thumb Code   180  sin.o(i.__hardfp_sin)
    __ieee754_rem_pio2                       0x080049c1   Thumb Code   938  rred.o(i.__ieee754_rem_pio2)
    __kernel_cos                             0x08004df9   Thumb Code   322  cos_i.o(i.__kernel_cos)
    __kernel_poly                            0x08004f69   Thumb Code   248  poly.o(i.__kernel_poly)
    __kernel_sin                             0x08005061   Thumb Code   280  sin_i.o(i.__kernel_sin)
    __mathlib_dbl_infnan                     0x08005191   Thumb Code    20  dunder.o(i.__mathlib_dbl_infnan)
    __mathlib_dbl_infnan2                    0x080051a5   Thumb Code    20  dunder.o(i.__mathlib_dbl_infnan2)
    __mathlib_dbl_invalid                    0x080051b9   Thumb Code    24  dunder.o(i.__mathlib_dbl_invalid)
    __mathlib_dbl_underflow                  0x080051d9   Thumb Code    24  dunder.o(i.__mathlib_dbl_underflow)
    __mathlib_flt_infnan                     0x080051f9   Thumb Code     6  funder.o(i.__mathlib_flt_infnan)
    __mathlib_flt_invalid                    0x08005201   Thumb Code    10  funder.o(i.__mathlib_flt_invalid)
    __mathlib_flt_underflow                  0x08005211   Thumb Code    10  funder.o(i.__mathlib_flt_underflow)
    atan                                     0x08005221   Thumb Code    16  atan.o(i.atan)
    data_checksum                            0x08005231   Thumb Code    26  main.o(i.data_checksum)
    data_process                             0x0800524d   Thumb Code   156  main.o(i.data_process)
    data_process_2                           0x0800530d   Thumb Code   156  main.o(i.data_process_2)
    delay_init                               0x080053cd   Thumb Code    32  bsp_delay.o(i.delay_init)
    delay_us                                 0x080053fd   Thumb Code    76  bsp_delay.o(i.delay_us)
    fabs                                     0x0800544d   Thumb Code    24  fabs.o(i.fabs)
    get_remote_control_point                 0x08005465   Thumb Code     4  remote_control.o(i.get_remote_control_point)
    invkin                                   0x0800546d   Thumb Code   430  wlr_controller.o(i.invkin)
    invkin_2                                 0x08005661   Thumb Code   412  wlr_controller.o(i.invkin_2)
    kinematic                                0x0800583d   Thumb Code   404  wlr_controller.o(i.kinematic)
    kinematic_2                              0x080059ed   Thumb Code   372  wlr_controller.o(i.kinematic_2)
    main                                     0x08005b79   Thumb Code  2828  main.o(i.main)
    q2rpy                                    0x080066cd   Thumb Code   332  wlr_controller.o(i.q2rpy)
    remote_control_init                      0x08006831   Thumb Code    16  remote_control.o(i.remote_control_init)
    sqrt                                     0x08006917   Thumb Code   110  sqrt.o(i.sqrt)
    sqrtf                                    0x08006985   Thumb Code    62  sqrtf.o(i.sqrtf)
    uint8touint32                            0x080069c3   Thumb Code    54  main.o(i.uint8touint32)
    __aeabi_dneg                             0x080069f9   Thumb Code     0  basic.o(x$fpl$basic)
    _dneg                                    0x080069f9   Thumb Code     6  basic.o(x$fpl$basic)
    __aeabi_fneg                             0x080069ff   Thumb Code     0  basic.o(x$fpl$basic)
    _fneg                                    0x080069ff   Thumb Code     6  basic.o(x$fpl$basic)
    _dabs                                    0x08006a05   Thumb Code     6  basic.o(x$fpl$basic)
    _fabs                                    0x08006a0b   Thumb Code     6  basic.o(x$fpl$basic)
    __aeabi_d2f                              0x08006a11   Thumb Code     0  d2f.o(x$fpl$d2f)
    _d2f                                     0x08006a11   Thumb Code    98  d2f.o(x$fpl$d2f)
    __aeabi_dadd                             0x08006a75   Thumb Code     0  daddsub_clz.o(x$fpl$dadd)
    _dadd                                    0x08006a75   Thumb Code   332  daddsub_clz.o(x$fpl$dadd)
    __dcmp4                                  0x08006bc5   Thumb Code    98  dcmp4.o(x$fpl$dcmp4)
    __ARM_dcmp4                              0x08006c27   Thumb Code     0  dcmp4.o(x$fpl$dcmp4)
    _dcmp4                                   0x08006c27   Thumb Code    60  dcmp4.o(x$fpl$dcmp4)
    __dcmp4e                                 0x08006c63   Thumb Code    98  dcmp4.o(x$fpl$dcmp4)
    __ARM_dcmp4e                             0x08006cc5   Thumb Code     0  dcmp4.o(x$fpl$dcmp4)
    _dcmp4e                                  0x08006cc5   Thumb Code    54  dcmp4.o(x$fpl$dcmp4)
    __fpl_dcmp_Inf                           0x08006cfb   Thumb Code    24  dcmpi.o(x$fpl$dcmpinf)
    __aeabi_ddiv                             0x08006d15   Thumb Code     0  ddiv.o(x$fpl$ddiv)
    _ddiv                                    0x08006d15   Thumb Code   552  ddiv.o(x$fpl$ddiv)
    __aeabi_d2iz                             0x08006fc5   Thumb Code     0  dfix.o(x$fpl$dfix)
    _dfix                                    0x08006fc5   Thumb Code    94  dfix.o(x$fpl$dfix)
    __aeabi_i2d                              0x08007023   Thumb Code     0  dflt_clz.o(x$fpl$dflt)
    _dflt                                    0x08007023   Thumb Code    46  dflt_clz.o(x$fpl$dflt)
    __aeabi_ui2d                             0x08007051   Thumb Code     0  dflt_clz.o(x$fpl$dfltu)
    _dfltu                                   0x08007051   Thumb Code    38  dflt_clz.o(x$fpl$dfltu)
    __aeabi_cdcmple                          0x08007079   Thumb Code     0  dleqf.o(x$fpl$dleqf)
    _dcmple                                  0x08007079   Thumb Code   120  dleqf.o(x$fpl$dleqf)
    __fpl_dcmple_InfNaN                      0x080070db   Thumb Code     0  dleqf.o(x$fpl$dleqf)
    __aeabi_dmul                             0x080070f1   Thumb Code     0  dmul.o(x$fpl$dmul)
    _dmul                                    0x080070f1   Thumb Code   332  dmul.o(x$fpl$dmul)
    __fpl_dnaninf                            0x08007245   Thumb Code   156  dnaninf.o(x$fpl$dnaninf)
    __fpl_dretinf                            0x080072e1   Thumb Code    12  dretinf.o(x$fpl$dretinf)
    __aeabi_cdrcmple                         0x080072ed   Thumb Code     0  drleqf.o(x$fpl$drleqf)
    _drcmple                                 0x080072ed   Thumb Code   108  drleqf.o(x$fpl$drleqf)
    __aeabi_drsub                            0x08007359   Thumb Code     0  daddsub_clz.o(x$fpl$drsb)
    _drsb                                    0x08007359   Thumb Code    22  daddsub_clz.o(x$fpl$drsb)
    _dsqrt                                   0x08007371   Thumb Code   404  dsqrt_umaal.o(x$fpl$dsqrt)
    __aeabi_dsub                             0x08007509   Thumb Code     0  daddsub_clz.o(x$fpl$dsub)
    _dsub                                    0x08007509   Thumb Code   464  daddsub_clz.o(x$fpl$dsub)
    __aeabi_f2d                              0x080076dd   Thumb Code     0  f2d.o(x$fpl$f2d)
    _f2d                                     0x080076dd   Thumb Code    86  f2d.o(x$fpl$f2d)
    __fpl_fnaninf                            0x08007733   Thumb Code   140  fnaninf.o(x$fpl$fnaninf)
    _fp_init                                 0x080077bf   Thumb Code    10  fpinit.o(x$fpl$fpinit)
    __fplib_config_fpu_vfp                   0x080077c7   Thumb Code     0  fpinit.o(x$fpl$fpinit)
    __fplib_config_pureend_doubles           0x080077c7   Thumb Code     0  fpinit.o(x$fpl$fpinit)
    __fpl_fretinf                            0x080077c9   Thumb Code    10  fretinf.o(x$fpl$fretinf)
    __I$use$fp                               0x080077d2   Number         0  usenofp.o(x$fpl$usenofp)
    AHBPrescTable                            0x080077da   Data          16  system_stm32f4xx.o(.constdata)
    APBPrescTable                            0x080077ea   Data           8  system_stm32f4xx.o(.constdata)
    __mathlib_zero                           0x08007910   Data           8  qnan.o(.constdata)
    Region$$Table$$Base                      0x08007a08   Number         0  anon$$obj.o(Region$$Table)
    Region$$Table$$Limit                     0x08007a28   Number         0  anon$$obj.o(Region$$Table)
    joint_1_q                                0x20000000   Data           8  main.o(.data)
    joint_2_q                                0x20000008   Data           8  main.o(.data)
    joint_q0                                 0x20000010   Data           8  main.o(.data)
    body_1_p                                 0x20000018   Data           8  main.o(.data)
    body_2_p                                 0x20000020   Data           8  main.o(.data)
    body_1_p_r                               0x20000028   Data           8  main.o(.data)
    body_2_p_r                               0x20000030   Data           8  main.o(.data)
    Kd_receive                               0x20000038   Data           3  main.o(.data)
    endptr                                   0x2000003c   Data           4  main.o(.data)
    RxData_1_1                               0x20000040   Data           8  main.o(.data)
    RxData_1_2                               0x20000048   Data           8  main.o(.data)
    RxData_1_3                               0x20000050   Data           8  main.o(.data)
    RxData_2_1                               0x20000058   Data           8  main.o(.data)
    RxData_2_2                               0x20000060   Data           8  main.o(.data)
    RxData_2_3                               0x20000068   Data           8  main.o(.data)
    Rc_command                               0x20000070   Data           4  main.o(.data)
    Kp_receive                               0x20000074   Data           3  main.o(.data)
    check_en                                 0x20000078   Data           4  main.o(.data)
    IMU_check_cont                           0x2000007c   Data           4  main.o(.data)
    yy                                       0x20000080   Data           4  main.o(.data)
    PI                                       0x20000084   Data           4  main.o(.data)
    yaw                                      0x20000088   Data           4  main.o(.data)
    pitch_des                                0x2000008c   Data           4  main.o(.data)
    Kp_pitch                                 0x20000090   Data           4  main.o(.data)
    Kd_pitch                                 0x20000094   Data           4  main.o(.data)
    Kp_Kd                                    0x20000098   Data           8  main.o(.data)
    control_motor_flag                       0x200000a0   Data           1  main.o(.data)
    i                                        0x200000a4   Data           4  main.o(.data)
    ifok                                     0x200000a8   Data           1  main.o(.data)
    tail_flag                                0x200000a9   Data           1  main.o(.data)
    Kp_pre                                   0x200000ac   Data           4  main.o(.data)
    Kd_pre                                   0x200000b0   Data           4  main.o(.data)
    tt                                       0x200000b4   Data           4  main.o(.data)
    x_offset                                 0x200000b8   Data           4  main.o(.data)
    counter                                  0x200000bc   Data           4  main.o(.data)
    pitch_ctrl                               0x200000c0   Data           4  main.o(.data)
    pitch_ctrl0                              0x200000c4   Data           4  main.o(.data)
    yaw_ctrl                                 0x200000c8   Data           4  main.o(.data)
    yaw_ctrl0                                0x200000cc   Data           4  main.o(.data)
    sum_pitch                                0x200000d0   Data           4  main.o(.data)
    sum_yaw                                  0x200000d4   Data           4  main.o(.data)
    update_period                            0x200000d8   Data           4  main.o(.data)
    left_right                               0x200000dc   Data           4  main.o(.data)
    position_left                            0x200000e0   Data           4  main.o(.data)
    position_right                           0x200000e4   Data           4  main.o(.data)
    position_robot                           0x200000e8   Data           4  main.o(.data)
    position_robot_old                       0x200000ec   Data           4  main.o(.data)
    wheel_radius                             0x200000f0   Data           4  main.o(.data)
    P_command                                0x200000f4   Data           4  main.o(.data)
    Kp_position                              0x200000f8   Data           4  main.o(.data)
    Kd_position                              0x200000fc   Data           4  main.o(.data)
    checksum_t                               0x20000100   Data           4  main.o(.data)
    tail                                     0x20000104   Data           4  main.o(.data)
    TxData_1                                 0x20000108   Data           8  can.o(.data)
    RxData_1                                 0x20000110   Data           8  can.o(.data)
    TxMailbox_1                              0x20000118   Data           4  can.o(.data)
    TxData_2                                 0x2000011c   Data           8  can.o(.data)
    RxData_2                                 0x20000124   Data           8  can.o(.data)
    TxMailbox_2                              0x2000012c   Data           4  can.o(.data)
    uwTick                                   0x20000134   Data           4  stm32f4xx_hal.o(.data)
    uwTickPrio                               0x20000138   Data           4  stm32f4xx_hal.o(.data)
    uwTickFreq                               0x2000013c   Data           1  stm32f4xx_hal.o(.data)
    SystemCoreClock                          0x20000140   Data           4  system_stm32f4xx.o(.data)
    Speed                                    0x2000014c   Data           2  motor_driver.o(.data)
    Current                                  0x2000014e   Data           2  motor_driver.o(.data)
    Position                                 0x20000150   Data           2  motor_driver.o(.data)
    P                                        0x20000154   Data           4  motor_driver.o(.data)
    D                                        0x20000158   Data           4  motor_driver.o(.data)
    Pv                                       0x2000015c   Data           4  motor_driver.o(.data)
    Dv                                       0x20000160   Data           4  motor_driver.o(.data)
    P_pitch                                  0x20000164   Data           4  motor_driver.o(.data)
    D_pitch                                  0x20000168   Data           4  motor_driver.o(.data)
    data_limit                               0x2000016c   Data           4  motor_driver.o(.data)
    qmax                                     0x20000170   Data           4  motor_driver.o(.data)
    vmax                                     0x20000174   Data           4  motor_driver.o(.data)
    imax                                     0x20000178   Data           4  motor_driver.o(.data)
    Current_limit                            0x2000017c   Data           4  motor_driver.o(.data)
    body1_position                           0x20000184   Data           8  wlr_controller.o(.data)
    joint1_angel                             0x2000018c   Data           8  wlr_controller.o(.data)
    body2_position                           0x20000194   Data           8  wlr_controller.o(.data)
    joint2_angel                             0x2000019c   Data           8  wlr_controller.o(.data)
    pi                                       0x200001a4   Data           4  wlr_controller.o(.data)
    l                                        0x200001a8   Data           4  wlr_controller.o(.data)
    offset_q2                                0x200001ac   Data           4  wlr_controller.o(.data)
    offset_q1                                0x200001b0   Data           4  wlr_controller.o(.data)
    offset2_q1                               0x200001b4   Data           4  wlr_controller.o(.data)
    q1_1_r                                   0x200001b8   Data           4  wlr_controller.o(.data)
    q2_1_r                                   0x200001bc   Data           4  wlr_controller.o(.data)
    q1_2_r                                   0x200001c0   Data           4  wlr_controller.o(.data)
    q2_2_r                                   0x200001c4   Data           4  wlr_controller.o(.data)
    x1                                       0x200001c8   Data           4  wlr_controller.o(.data)
    y1                                       0x200001cc   Data           4  wlr_controller.o(.data)
    x2                                       0x200001d0   Data           4  wlr_controller.o(.data)
    y2                                       0x200001d4   Data           4  wlr_controller.o(.data)
    x                                        0x200001d8   Data           4  wlr_controller.o(.data)
    y                                        0x200001dc   Data           4  wlr_controller.o(.data)
    z                                        0x200001e0   Data           4  wlr_controller.o(.data)
    w                                        0x200001e4   Data           4  wlr_controller.o(.data)
    as                                       0x200001e8   Data           4  wlr_controller.o(.data)
    report1                                  0x200001ec   Data          12  main.o(.bss)
    report2                                  0x200001f8   Data          12  main.o(.bss)
    report3                                  0x20000204   Data          12  main.o(.bss)
    report4                                  0x20000210   Data          12  main.o(.bss)
    report5                                  0x2000021c   Data          12  main.o(.bss)
    report6                                  0x20000228   Data          12  main.o(.bss)
    report10                                 0x20000234   Data          12  main.o(.bss)
    report20                                 0x20000240   Data          12  main.o(.bss)
    report30                                 0x2000024c   Data          12  main.o(.bss)
    report40                                 0x20000258   Data          12  main.o(.bss)
    report50                                 0x20000264   Data          12  main.o(.bss)
    report60                                 0x20000270   Data          12  main.o(.bss)
    Icommand                                 0x2000027c   Data          12  main.o(.bss)
    Icommand_2                               0x20000288   Data          12  main.o(.bss)
    IMU_data                                 0x20000294   Data          44  main.o(.bss)
    IMU                                      0x200002c0   Data          44  main.o(.bss)
    rpy_t                                    0x200002ec   Data          12  main.o(.bss)
    rpy_t0                                   0x200002f8   Data          12  main.o(.bss)
    q                                        0x20000304   Data          16  main.o(.bss)
    gyro                                     0x20000314   Data          12  main.o(.bss)
    acc                                      0x20000320   Data          12  main.o(.bss)
    err                                      0x2000032c   Data          16  main.o(.bss)
    ch                                       0x2000033c   Data          16  main.o(.bss)
    imu                                      0x2000034c   Data          44  main.o(.bss)
    pitch_recent                             0x20000378   Data          40  main.o(.bss)
    yaw_recent                               0x200003a0   Data          40  main.o(.bss)
    TxHeader_1                               0x200003c8   Data          24  can.o(.bss)
    RxHeader_1                               0x200003e0   Data          28  can.o(.bss)
    TxHeader_2                               0x200003fc   Data          24  can.o(.bss)
    RxHeader_2                               0x20000414   Data          28  can.o(.bss)
    hcan1                                    0x20000430   Data          40  can.o(.bss)
    hcan2                                    0x20000458   Data          40  can.o(.bss)
    hi2c1                                    0x20000480   Data          84  i2c.o(.bss)
    huart8                                   0x200004d4   Data          68  usart.o(.bss)
    huart1                                   0x20000518   Data          68  usart.o(.bss)
    huart6                                   0x2000055c   Data          68  usart.o(.bss)
    hdma_uart8_rx                            0x200005a0   Data          96  usart.o(.bss)
    hdma_uart8_tx                            0x20000600   Data          96  usart.o(.bss)
    hdma_usart1_rx                           0x20000660   Data          96  usart.o(.bss)
    hdma_usart1_tx                           0x200006c0   Data          96  usart.o(.bss)
    hdma_usart6_rx                           0x20000720   Data          96  usart.o(.bss)
    hdma_usart6_tx                           0x20000780   Data          96  usart.o(.bss)
    report                                   0x200007e0   Data          12  motor_driver.o(.bss)
    rc_ctrl                                  0x200007ec   Data          22  remote_control.o(.bss)
    rpy                                      0x2000084c   Data          12  wlr_controller.o(.bss)
    __libspace_start                         0x20000858   Data          96  libspace.o(.bss)
    __temporary_stack_top$libspace           0x200008b8   Data           0  libspace.o(.bss)



==============================================================================

Memory Map of the image

  Image Entry point : 0x080001ad

  Load Region LR_IROM1 (Base: 0x08000000, Size: 0x00007c14, Max: 0x00200000, ABSOLUTE, COMPRESSED[0x00007a8c])

    Execution Region ER_IROM1 (Exec base: 0x08000000, Load base: 0x08000000, Size: 0x00007a28, Max: 0x00200000, ABSOLUTE)

    Exec Addr    Load Addr    Size         Type   Attr      Idx    E Section Name        Object

    0x08000000   0x08000000   0x000001ac   Data   RO         3066    RESET               startup_stm32f427xx.o
    0x080001ac   0x080001ac   0x00000008   Code   RO         3402  * !!!main             c_w.l(__main.o)
    0x080001b4   0x080001b4   0x00000034   Code   RO         3784    !!!scatter          c_w.l(__scatter.o)
    0x080001e8   0x080001e8   0x0000003a   Code   RO         3782    !!dczerorl          c_w.l(__dczerorl.o)
    0x08000222   0x08000222   0x00000002   PAD
    0x08000224   0x08000224   0x0000001c   Code   RO         3786    !!handler_zi        c_w.l(__scatter_zi.o)
    0x08000240   0x08000240   0x00000002   Code   RO         3655    .ARM.Collect$$libinit$$00000000  c_w.l(libinit.o)
    0x08000242   0x08000242   0x00000004   Code   RO         3664    .ARM.Collect$$libinit$$00000001  c_w.l(libinit2.o)
    0x08000246   0x08000246   0x00000000   Code   RO         3667    .ARM.Collect$$libinit$$00000004  c_w.l(libinit2.o)
    0x08000246   0x08000246   0x00000000   Code   RO         3670    .ARM.Collect$$libinit$$0000000A  c_w.l(libinit2.o)
    0x08000246   0x08000246   0x00000000   Code   RO         3672    .ARM.Collect$$libinit$$0000000C  c_w.l(libinit2.o)
    0x08000246   0x08000246   0x00000000   Code   RO         3674    .ARM.Collect$$libinit$$0000000E  c_w.l(libinit2.o)
    0x08000246   0x08000246   0x00000000   Code   RO         3677    .ARM.Collect$$libinit$$00000011  c_w.l(libinit2.o)
    0x08000246   0x08000246   0x00000000   Code   RO         3679    .ARM.Collect$$libinit$$00000013  c_w.l(libinit2.o)
    0x08000246   0x08000246   0x00000000   Code   RO         3681    .ARM.Collect$$libinit$$00000015  c_w.l(libinit2.o)
    0x08000246   0x08000246   0x00000000   Code   RO         3683    .ARM.Collect$$libinit$$00000017  c_w.l(libinit2.o)
    0x08000246   0x08000246   0x00000000   Code   RO         3685    .ARM.Collect$$libinit$$00000019  c_w.l(libinit2.o)
    0x08000246   0x08000246   0x00000000   Code   RO         3687    .ARM.Collect$$libinit$$0000001B  c_w.l(libinit2.o)
    0x08000246   0x08000246   0x00000000   Code   RO         3689    .ARM.Collect$$libinit$$0000001D  c_w.l(libinit2.o)
    0x08000246   0x08000246   0x00000000   Code   RO         3691    .ARM.Collect$$libinit$$0000001F  c_w.l(libinit2.o)
    0x08000246   0x08000246   0x00000000   Code   RO         3693    .ARM.Collect$$libinit$$00000021  c_w.l(libinit2.o)
    0x08000246   0x08000246   0x00000000   Code   RO         3695    .ARM.Collect$$libinit$$00000023  c_w.l(libinit2.o)
    0x08000246   0x08000246   0x00000000   Code   RO         3697    .ARM.Collect$$libinit$$00000025  c_w.l(libinit2.o)
    0x08000246   0x08000246   0x00000000   Code   RO         3701    .ARM.Collect$$libinit$$0000002C  c_w.l(libinit2.o)
    0x08000246   0x08000246   0x00000000   Code   RO         3703    .ARM.Collect$$libinit$$0000002E  c_w.l(libinit2.o)
    0x08000246   0x08000246   0x00000000   Code   RO         3705    .ARM.Collect$$libinit$$00000030  c_w.l(libinit2.o)
    0x08000246   0x08000246   0x00000000   Code   RO         3707    .ARM.Collect$$libinit$$00000032  c_w.l(libinit2.o)
    0x08000246   0x08000246   0x00000002   Code   RO         3708    .ARM.Collect$$libinit$$00000033  c_w.l(libinit2.o)
    0x08000248   0x08000248   0x00000002   Code   RO         3739    .ARM.Collect$$libshutdown$$00000000  c_w.l(libshutdown.o)
    0x0800024a   0x0800024a   0x00000000   Code   RO         3765    .ARM.Collect$$libshutdown$$00000002  c_w.l(libshutdown2.o)
    0x0800024a   0x0800024a   0x00000000   Code   RO         3767    .ARM.Collect$$libshutdown$$00000004  c_w.l(libshutdown2.o)
    0x0800024a   0x0800024a   0x00000000   Code   RO         3770    .ARM.Collect$$libshutdown$$00000007  c_w.l(libshutdown2.o)
    0x0800024a   0x0800024a   0x00000000   Code   RO         3773    .ARM.Collect$$libshutdown$$0000000A  c_w.l(libshutdown2.o)
    0x0800024a   0x0800024a   0x00000000   Code   RO         3775    .ARM.Collect$$libshutdown$$0000000C  c_w.l(libshutdown2.o)
    0x0800024a   0x0800024a   0x00000000   Code   RO         3778    .ARM.Collect$$libshutdown$$0000000F  c_w.l(libshutdown2.o)
    0x0800024a   0x0800024a   0x00000002   Code   RO         3779    .ARM.Collect$$libshutdown$$00000010  c_w.l(libshutdown2.o)
    0x0800024c   0x0800024c   0x00000000   Code   RO         3500    .ARM.Collect$$rtentry$$00000000  c_w.l(__rtentry.o)
    0x0800024c   0x0800024c   0x00000000   Code   RO         3610    .ARM.Collect$$rtentry$$00000002  c_w.l(__rtentry2.o)
    0x0800024c   0x0800024c   0x00000006   Code   RO         3622    .ARM.Collect$$rtentry$$00000004  c_w.l(__rtentry4.o)
    0x08000252   0x08000252   0x00000000   Code   RO         3612    .ARM.Collect$$rtentry$$00000009  c_w.l(__rtentry2.o)
    0x08000252   0x08000252   0x00000004   Code   RO         3613    .ARM.Collect$$rtentry$$0000000A  c_w.l(__rtentry2.o)
    0x08000256   0x08000256   0x00000000   Code   RO         3615    .ARM.Collect$$rtentry$$0000000C  c_w.l(__rtentry2.o)
    0x08000256   0x08000256   0x00000008   Code   RO         3616    .ARM.Collect$$rtentry$$0000000D  c_w.l(__rtentry2.o)
    0x0800025e   0x0800025e   0x00000002   Code   RO         3656    .ARM.Collect$$rtexit$$00000000  c_w.l(rtexit.o)
    0x08000260   0x08000260   0x00000000   Code   RO         3712    .ARM.Collect$$rtexit$$00000002  c_w.l(rtexit2.o)
    0x08000260   0x08000260   0x00000004   Code   RO         3713    .ARM.Collect$$rtexit$$00000003  c_w.l(rtexit2.o)
    0x08000264   0x08000264   0x00000006   Code   RO         3714    .ARM.Collect$$rtexit$$00000004  c_w.l(rtexit2.o)
    0x0800026a   0x0800026a   0x00000002   PAD
    0x0800026c   0x0800026c   0x00000040   Code   RO         3067    .text               startup_stm32f427xx.o
    0x080002ac   0x080002ac   0x000000ee   Code   RO         3396    .text               c_w.l(lludivv7m.o)
    0x0800039a   0x0800039a   0x0000004e   Code   RO         3398    .text               c_w.l(rt_memclr_w.o)
    0x080003e8   0x080003e8   0x00000006   Code   RO         3400    .text               c_w.l(heapauxi.o)
    0x080003ee   0x080003ee   0x00000016   Code   RO         3505    .text               c_w.l(_rserrno.o)
    0x08000404   0x08000404   0x00000008   Code   RO         3629    .text               c_w.l(rt_errno_addr_intlibspace.o)
    0x0800040c   0x0800040c   0x00000008   Code   RO         3639    .text               c_w.l(libspace.o)
    0x08000414   0x08000414   0x0000004a   Code   RO         3642    .text               c_w.l(sys_stackheap_outer.o)
    0x0800045e   0x0800045e   0x00000012   Code   RO         3644    .text               c_w.l(exit.o)
    0x08000470   0x08000470   0x0000000c   Code   RO         3709    .text               c_w.l(sys_exit.o)
    0x0800047c   0x0800047c   0x00000002   Code   RO         3728    .text               c_w.l(use_no_semi.o)
    0x0800047e   0x0800047e   0x00000000   Code   RO         3730    .text               c_w.l(indicate_semi.o)
    0x0800047e   0x0800047e   0x00000004   Code   RO          462    i.BusFault_Handler  stm32f4xx_it.o
    0x08000482   0x08000482   0x00000002   PAD
    0x08000484   0x08000484   0x00000010   Code   RO          463    i.CAN1_RX0_IRQHandler  stm32f4xx_it.o
    0x08000494   0x08000494   0x00000010   Code   RO          464    i.CAN2_RX1_IRQHandler  stm32f4xx_it.o
    0x080004a4   0x080004a4   0x00000010   Code   RO          465    i.DMA1_Stream0_IRQHandler  stm32f4xx_it.o
    0x080004b4   0x080004b4   0x00000010   Code   RO          466    i.DMA1_Stream6_IRQHandler  stm32f4xx_it.o
    0x080004c4   0x080004c4   0x00000010   Code   RO          467    i.DMA2_Stream1_IRQHandler  stm32f4xx_it.o
    0x080004d4   0x080004d4   0x00000010   Code   RO          468    i.DMA2_Stream2_IRQHandler  stm32f4xx_it.o
    0x080004e4   0x080004e4   0x00000010   Code   RO          469    i.DMA2_Stream6_IRQHandler  stm32f4xx_it.o
    0x080004f4   0x080004f4   0x00000010   Code   RO          470    i.DMA2_Stream7_IRQHandler  stm32f4xx_it.o
    0x08000504   0x08000504   0x00000034   Code   RO         1417    i.DMA_CalcBaseAndBitshift  stm32f4xx_hal_dma.o
    0x08000538   0x08000538   0x000000aa   Code   RO         1418    i.DMA_CheckFifoParam  stm32f4xx_hal_dma.o
    0x080005e2   0x080005e2   0x0000002c   Code   RO         1419    i.DMA_SetConfig     stm32f4xx_hal_dma.o
    0x0800060e   0x0800060e   0x00000002   Code   RO          471    i.DebugMon_Handler  stm32f4xx_it.o
    0x08000610   0x08000610   0x00000010   Code   RO            4    i.Encoder_Check     main.o
    0x08000620   0x08000620   0x00000006   Code   RO            5    i.Error_Handler     main.o
    0x08000626   0x08000626   0x00000002   PAD
    0x08000628   0x08000628   0x00000170   Code   RO         3214    i.Feedback          motor_driver.o
    0x08000798   0x08000798   0x0000002a   Code   RO          623    i.HAL_CAN_ActivateNotification  stm32f4xx_hal_can.o
    0x080007c2   0x080007c2   0x00000156   Code   RO          624    i.HAL_CAN_AddTxMessage  stm32f4xx_hal_can.o
    0x08000918   0x08000918   0x00000124   Code   RO          625    i.HAL_CAN_ConfigFilter  stm32f4xx_hal_can.o
    0x08000a3c   0x08000a3c   0x00000002   Code   RO          628    i.HAL_CAN_ErrorCallback  stm32f4xx_hal_can.o
    0x08000a3e   0x08000a3e   0x0000017a   Code   RO          631    i.HAL_CAN_GetRxMessage  stm32f4xx_hal_can.o
    0x08000bb8   0x08000bb8   0x0000024e   Code   RO          635    i.HAL_CAN_IRQHandler  stm32f4xx_hal_can.o
    0x08000e06   0x08000e06   0x00000174   Code   RO          636    i.HAL_CAN_Init      stm32f4xx_hal_can.o
    0x08000f7a   0x08000f7a   0x00000002   PAD
    0x08000f7c   0x08000f7c   0x00000164   Code   RO          279    i.HAL_CAN_MspInit   can.o
    0x080010e0   0x080010e0   0x00000002   Code   RO          643    i.HAL_CAN_RxFifo0FullCallback  stm32f4xx_hal_can.o
    0x080010e2   0x080010e2   0x00000002   PAD
    0x080010e4   0x080010e4   0x00000030   Code   RO            6    i.HAL_CAN_RxFifo0MsgPendingCallback  main.o
    0x08001114   0x08001114   0x00000002   Code   RO          645    i.HAL_CAN_RxFifo1FullCallback  stm32f4xx_hal_can.o
    0x08001116   0x08001116   0x00000002   PAD
    0x08001118   0x08001118   0x00000030   Code   RO            7    i.HAL_CAN_RxFifo1MsgPendingCallback  main.o
    0x08001148   0x08001148   0x00000002   Code   RO          647    i.HAL_CAN_SleepCallback  stm32f4xx_hal_can.o
    0x0800114a   0x0800114a   0x0000005e   Code   RO          648    i.HAL_CAN_Start     stm32f4xx_hal_can.o
    0x080011a8   0x080011a8   0x00000002   Code   RO          650    i.HAL_CAN_TxMailbox0AbortCallback  stm32f4xx_hal_can.o
    0x080011aa   0x080011aa   0x00000002   Code   RO          651    i.HAL_CAN_TxMailbox0CompleteCallback  stm32f4xx_hal_can.o
    0x080011ac   0x080011ac   0x00000002   Code   RO          652    i.HAL_CAN_TxMailbox1AbortCallback  stm32f4xx_hal_can.o
    0x080011ae   0x080011ae   0x00000002   Code   RO          653    i.HAL_CAN_TxMailbox1CompleteCallback  stm32f4xx_hal_can.o
    0x080011b0   0x080011b0   0x00000002   Code   RO          654    i.HAL_CAN_TxMailbox2AbortCallback  stm32f4xx_hal_can.o
    0x080011b2   0x080011b2   0x00000002   Code   RO          655    i.HAL_CAN_TxMailbox2CompleteCallback  stm32f4xx_hal_can.o
    0x080011b4   0x080011b4   0x00000002   Code   RO          657    i.HAL_CAN_WakeUpFromRxMsgCallback  stm32f4xx_hal_can.o
    0x080011b6   0x080011b6   0x000000ac   Code   RO         1420    i.HAL_DMA_Abort     stm32f4xx_hal_dma.o
    0x08001262   0x08001262   0x00000028   Code   RO         1421    i.HAL_DMA_Abort_IT  stm32f4xx_hal_dma.o
    0x0800128a   0x0800128a   0x00000002   PAD
    0x0800128c   0x0800128c   0x00000240   Code   RO         1425    i.HAL_DMA_IRQHandler  stm32f4xx_hal_dma.o
    0x080014cc   0x080014cc   0x000000ec   Code   RO         1426    i.HAL_DMA_Init      stm32f4xx_hal_dma.o
    0x080015b8   0x080015b8   0x00000092   Code   RO         1430    i.HAL_DMA_Start_IT  stm32f4xx_hal_dma.o
    0x0800164a   0x0800164a   0x00000002   PAD
    0x0800164c   0x0800164c   0x00000028   Code   RO         1862    i.HAL_Delay         stm32f4xx_hal.o
    0x08001674   0x08001674   0x00000210   Code   RO         1313    i.HAL_GPIO_Init     stm32f4xx_hal_gpio.o
    0x08001884   0x08001884   0x0000000c   Code   RO         1870    i.HAL_GetTick       stm32f4xx_hal.o
    0x08001890   0x08001890   0x0000004c   Code   RO         2597    i.HAL_I2CEx_ConfigAnalogFilter  stm32f4xx_hal_i2c_ex.o
    0x080018dc   0x080018dc   0x00000050   Code   RO         2598    i.HAL_I2CEx_ConfigDigitalFilter  stm32f4xx_hal_i2c_ex.o
    0x0800192c   0x0800192c   0x000001d0   Code   RO         2136    i.HAL_I2C_Init      stm32f4xx_hal_i2c.o
    0x08001afc   0x08001afc   0x00000088   Code   RO          367    i.HAL_I2C_MspInit   i2c.o
    0x08001b84   0x08001b84   0x00000018   Code   RO         1876    i.HAL_IncTick       stm32f4xx_hal.o
    0x08001b9c   0x08001b9c   0x0000003c   Code   RO         1877    i.HAL_Init          stm32f4xx_hal.o
    0x08001bd8   0x08001bd8   0x0000004c   Code   RO         1878    i.HAL_InitTick      stm32f4xx_hal.o
    0x08001c24   0x08001c24   0x00000048   Code   RO          598    i.HAL_MspInit       stm32f4xx_hal_msp.o
    0x08001c6c   0x08001c6c   0x00000020   Code   RO         1720    i.HAL_NVIC_EnableIRQ  stm32f4xx_hal_cortex.o
    0x08001c8c   0x08001c8c   0x0000007c   Code   RO         1726    i.HAL_NVIC_SetPriority  stm32f4xx_hal_cortex.o
    0x08001d08   0x08001d08   0x00000028   Code   RO         1727    i.HAL_NVIC_SetPriorityGrouping  stm32f4xx_hal_cortex.o
    0x08001d30   0x08001d30   0x00000184   Code   RO          857    i.HAL_RCC_ClockConfig  stm32f4xx_hal_rcc.o
    0x08001eb4   0x08001eb4   0x0000000c   Code   RO          862    i.HAL_RCC_GetHCLKFreq  stm32f4xx_hal_rcc.o
    0x08001ec0   0x08001ec0   0x00000020   Code   RO          864    i.HAL_RCC_GetPCLK1Freq  stm32f4xx_hal_rcc.o
    0x08001ee0   0x08001ee0   0x00000020   Code   RO          865    i.HAL_RCC_GetPCLK2Freq  stm32f4xx_hal_rcc.o
    0x08001f00   0x08001f00   0x000000b0   Code   RO          866    i.HAL_RCC_GetSysClockFreq  stm32f4xx_hal_rcc.o
    0x08001fb0   0x08001fb0   0x0000049c   Code   RO          869    i.HAL_RCC_OscConfig  stm32f4xx_hal_rcc.o
    0x0800244c   0x0800244c   0x00000034   Code   RO         1731    i.HAL_SYSTICK_Config  stm32f4xx_hal_cortex.o
    0x08002480   0x08002480   0x00000002   Code   RO         2674    i.HAL_UARTEx_RxEventCallback  stm32f4xx_hal_uart.o
    0x08002482   0x08002482   0x00000002   Code   RO         2688    i.HAL_UART_ErrorCallback  stm32f4xx_hal_uart.o
    0x08002484   0x08002484   0x000002e0   Code   RO         2691    i.HAL_UART_IRQHandler  stm32f4xx_hal_uart.o
    0x08002764   0x08002764   0x00000072   Code   RO         2692    i.HAL_UART_Init     stm32f4xx_hal_uart.o
    0x080027d6   0x080027d6   0x00000002   PAD
    0x080027d8   0x080027d8   0x00000330   Code   RO          409    i.HAL_UART_MspInit  usart.o
    0x08002b08   0x08002b08   0x00000042   Code   RO         2696    i.HAL_UART_Receive_DMA  stm32f4xx_hal_uart.o
    0x08002b4a   0x08002b4a   0x00000002   PAD
    0x08002b4c   0x08002b4c   0x000000c4   Code   RO            8    i.HAL_UART_RxCpltCallback  main.o
    0x08002c10   0x08002c10   0x00000002   Code   RO         2699    i.HAL_UART_RxHalfCpltCallback  stm32f4xx_hal_uart.o
    0x08002c12   0x08002c12   0x00000002   PAD
    0x08002c14   0x08002c14   0x000000ac   Code   RO         2701    i.HAL_UART_Transmit_DMA  stm32f4xx_hal_uart.o
    0x08002cc0   0x08002cc0   0x0000004c   Code   RO            9    i.HAL_UART_TxCpltCallback  main.o
    0x08002d0c   0x08002d0c   0x00000002   Code   RO         2704    i.HAL_UART_TxHalfCpltCallback  stm32f4xx_hal_uart.o
    0x08002d0e   0x08002d0e   0x00000004   Code   RO          472    i.HardFault_Handler  stm32f4xx_it.o
    0x08002d12   0x08002d12   0x00000002   PAD
    0x08002d14   0x08002d14   0x00000088   Code   RO           10    i.IMU_check         main.o
    0x08002d9c   0x08002d9c   0x00000090   Code   RO          280    i.MX_CAN1_Init      can.o
    0x08002e2c   0x08002e2c   0x0000008c   Code   RO          281    i.MX_CAN2_Init      can.o
    0x08002eb8   0x08002eb8   0x000000a8   Code   RO          342    i.MX_DMA_Init       dma.o
    0x08002f60   0x08002f60   0x000000c0   Code   RO          254    i.MX_GPIO_Init      gpio.o
    0x08003020   0x08003020   0x00000058   Code   RO          368    i.MX_I2C1_Init      i2c.o
    0x08003078   0x08003078   0x0000003c   Code   RO          410    i.MX_UART8_Init     usart.o
    0x080030b4   0x080030b4   0x0000003c   Code   RO          411    i.MX_USART1_UART_Init  usart.o
    0x080030f0   0x080030f0   0x0000003c   Code   RO          412    i.MX_USART6_UART_Init  usart.o
    0x0800312c   0x0800312c   0x00000004   Code   RO          473    i.MemManage_Handler  stm32f4xx_it.o
    0x08003130   0x08003130   0x00000108   Code   RO         3216    i.Motor_Drive       motor_driver.o
    0x08003238   0x08003238   0x00000108   Code   RO         3217    i.Motor_Drive_2     motor_driver.o
    0x08003340   0x08003340   0x00000028   Code   RO         3218    i.Motor_SetMode     motor_driver.o
    0x08003368   0x08003368   0x00000028   Code   RO         3219    i.Motor_SetMode_2   motor_driver.o
    0x08003390   0x08003390   0x00000004   Code   RO          474    i.NMI_Handler       stm32f4xx_it.o
    0x08003394   0x08003394   0x00000074   Code   RO         3220    i.PID               motor_driver.o
    0x08003408   0x08003408   0x00000002   Code   RO          475    i.PendSV_Handler    stm32f4xx_it.o
    0x0800340a   0x0800340a   0x00000002   PAD
    0x0800340c   0x0800340c   0x0000009c   Code   RO         3182    i.RC_init           bsp_rc.o
    0x080034a8   0x080034a8   0x00000002   Code   RO          476    i.SVC_Handler       stm32f4xx_it.o
    0x080034aa   0x080034aa   0x00000008   Code   RO          477    i.SysTick_Handler   stm32f4xx_it.o
    0x080034b2   0x080034b2   0x00000002   PAD
    0x080034b4   0x080034b4   0x000000b4   Code   RO           11    i.SystemClock_Config  main.o
    0x08003568   0x08003568   0x00000014   Code   RO         3031    i.SystemInit        system_stm32f4xx.o
    0x0800357c   0x0800357c   0x00000010   Code   RO          478    i.UART8_IRQHandler  stm32f4xx_it.o
    0x0800358c   0x0800358c   0x00000014   Code   RO         2705    i.UART_DMAAbortOnError  stm32f4xx_hal_uart.o
    0x080035a0   0x080035a0   0x00000050   Code   RO         2706    i.UART_DMAError     stm32f4xx_hal_uart.o
    0x080035f0   0x080035f0   0x000000b0   Code   RO         2707    i.UART_DMAReceiveCplt  stm32f4xx_hal_uart.o
    0x080036a0   0x080036a0   0x00000020   Code   RO         2709    i.UART_DMARxHalfCplt  stm32f4xx_hal_uart.o
    0x080036c0   0x080036c0   0x00000058   Code   RO         2711    i.UART_DMATransmitCplt  stm32f4xx_hal_uart.o
    0x08003718   0x08003718   0x0000000e   Code   RO         2713    i.UART_DMATxHalfCplt  stm32f4xx_hal_uart.o
    0x08003726   0x08003726   0x0000006c   Code   RO         2715    i.UART_EndRxTransfer  stm32f4xx_hal_uart.o
    0x08003792   0x08003792   0x00000020   Code   RO         2716    i.UART_EndTransmit_IT  stm32f4xx_hal_uart.o
    0x080037b2   0x080037b2   0x00000026   Code   RO         2717    i.UART_EndTxTransfer  stm32f4xx_hal_uart.o
    0x080037d8   0x080037d8   0x000000f8   Code   RO         2718    i.UART_Receive_IT   stm32f4xx_hal_uart.o
    0x080038d0   0x080038d0   0x0000022c   Code   RO         2719    i.UART_SetConfig    stm32f4xx_hal_uart.o
    0x08003afc   0x08003afc   0x000000d0   Code   RO         2720    i.UART_Start_Receive_DMA  stm32f4xx_hal_uart.o
    0x08003bcc   0x08003bcc   0x00000060   Code   RO         2722    i.UART_Transmit_IT  stm32f4xx_hal_uart.o
    0x08003c2c   0x08003c2c   0x00000124   Code   RO         3293    i.USART1_IRQHandler  remote_control.o
    0x08003d50   0x08003d50   0x00000010   Code   RO          479    i.USART6_IRQHandler  stm32f4xx_it.o
    0x08003d60   0x08003d60   0x00000030   Code   RO          282    i.USER_CAN_Send     can.o
    0x08003d90   0x08003d90   0x00000030   Code   RO          283    i.USER_CAN_Send_2   can.o
    0x08003dc0   0x08003dc0   0x00000004   Code   RO          480    i.UsageFault_Handler  stm32f4xx_it.o
    0x08003dc4   0x08003dc4   0x00000030   Code   RO         3637    i.__ARM_fpclassify  m_wm.l(fpclassify.o)
    0x08003df4   0x08003df4   0x00000026   Code   RO         3555    i.__ARM_fpclassifyf  m_wm.l(fpclassifyf.o)
    0x08003e1a   0x08003e1a   0x00000002   PAD
    0x08003e1c   0x08003e1c   0x00000010   Code   RO         1733    i.__NVIC_GetPriorityGrouping  stm32f4xx_hal_cortex.o
    0x08003e2c   0x08003e2c   0x00000028   Code   RO         1734    i.__NVIC_SetPriority  stm32f4xx_hal_cortex.o
    0x08003e54   0x08003e54   0x00000004   PAD
    0x08003e58   0x08003e58   0x00000358   Code   RO         3428    i.__hardfp_acos     m_wm.l(acos.o)
    0x080041b0   0x080041b0   0x0000012c   Code   RO         3442    i.__hardfp_asinf    m_wm.l(asinf.o)
    0x080042dc   0x080042dc   0x00000004   PAD
    0x080042e0   0x080042e0   0x000002d8   Code   RO         3524    i.__hardfp_atan     m_wm.l(atan.o)
    0x080045b8   0x080045b8   0x000001f0   Code   RO         3454    i.__hardfp_atan2    m_wm.l(atan2.o)
    0x080047a8   0x080047a8   0x000000c8   Code   RO         3466    i.__hardfp_cos      m_wm.l(cos.o)
    0x08004870   0x08004870   0x00000014   Code   RO         3478    i.__hardfp_fabs     m_wm.l(fabs.o)
    0x08004884   0x08004884   0x00000074   Code   RO         3496    i.__hardfp_fmin     m_wm.l(fmin.o)
    0x080048f8   0x080048f8   0x000000c8   Code   RO         3484    i.__hardfp_sin      m_wm.l(sin.o)
    0x080049c0   0x080049c0   0x00000438   Code   RO         3574    i.__ieee754_rem_pio2  m_wm.l(rred.o)
    0x08004df8   0x08004df8   0x00000170   Code   RO         3538    i.__kernel_cos      m_wm.l(cos_i.o)
    0x08004f68   0x08004f68   0x000000f8   Code   RO         3571    i.__kernel_poly     m_wm.l(poly.o)
    0x08005060   0x08005060   0x00000130   Code   RO         3579    i.__kernel_sin      m_wm.l(sin_i.o)
    0x08005190   0x08005190   0x00000014   Code   RO         3542    i.__mathlib_dbl_infnan  m_wm.l(dunder.o)
    0x080051a4   0x080051a4   0x00000014   Code   RO         3543    i.__mathlib_dbl_infnan2  m_wm.l(dunder.o)
    0x080051b8   0x080051b8   0x00000020   Code   RO         3544    i.__mathlib_dbl_invalid  m_wm.l(dunder.o)
    0x080051d8   0x080051d8   0x00000020   Code   RO         3547    i.__mathlib_dbl_underflow  m_wm.l(dunder.o)
    0x080051f8   0x080051f8   0x00000006   Code   RO         3558    i.__mathlib_flt_infnan  m_wm.l(funder.o)
    0x080051fe   0x080051fe   0x00000002   PAD
    0x08005200   0x08005200   0x00000010   Code   RO         3560    i.__mathlib_flt_invalid  m_wm.l(funder.o)
    0x08005210   0x08005210   0x00000010   Code   RO         3563    i.__mathlib_flt_underflow  m_wm.l(funder.o)
    0x08005220   0x08005220   0x00000010   Code   RO         3526    i.atan              m_wm.l(atan.o)
    0x08005230   0x08005230   0x0000001a   Code   RO           12    i.data_checksum     main.o
    0x0800524a   0x0800524a   0x00000002   PAD
    0x0800524c   0x0800524c   0x000000c0   Code   RO           13    i.data_process      main.o
    0x0800530c   0x0800530c   0x000000c0   Code   RO           14    i.data_process_2    main.o
    0x080053cc   0x080053cc   0x00000030   Code   RO         3074    i.delay_init        bsp_delay.o
    0x080053fc   0x080053fc   0x00000050   Code   RO         3076    i.delay_us          bsp_delay.o
    0x0800544c   0x0800544c   0x00000018   Code   RO         3480    i.fabs              m_wm.l(fabs.o)
    0x08005464   0x08005464   0x00000008   Code   RO         3294    i.get_remote_control_point  remote_control.o
    0x0800546c   0x0800546c   0x000001f4   Code   RO         3342    i.invkin            wlr_controller.o
    0x08005660   0x08005660   0x000001dc   Code   RO         3343    i.invkin_2          wlr_controller.o
    0x0800583c   0x0800583c   0x000001b0   Code   RO         3344    i.kinematic         wlr_controller.o
    0x080059ec   0x080059ec   0x0000018c   Code   RO         3345    i.kinematic_2       wlr_controller.o
    0x08005b78   0x08005b78   0x00000b54   Code   RO           15    i.main              main.o
    0x080066cc   0x080066cc   0x00000164   Code   RO         3346    i.q2rpy             wlr_controller.o
    0x08006830   0x08006830   0x00000014   Code   RO         3295    i.remote_control_init  remote_control.o
    0x08006844   0x08006844   0x000000d2   Code   RO         3296    i.sbus_to_rc        remote_control.o
    0x08006916   0x08006916   0x0000006e   Code   RO         3587    i.sqrt              m_wm.l(sqrt.o)
    0x08006984   0x08006984   0x0000003e   Code   RO         3599    i.sqrtf             m_wm.l(sqrtf.o)
    0x080069c2   0x080069c2   0x00000036   Code   RO           16    i.uint8touint32     main.o
    0x080069f8   0x080069f8   0x00000018   Code   RO         3404    x$fpl$basic         fz_wm.l(basic.o)
    0x08006a10   0x08006a10   0x00000062   Code   RO         3406    x$fpl$d2f           fz_wm.l(d2f.o)
    0x08006a72   0x08006a72   0x00000002   PAD
    0x08006a74   0x08006a74   0x00000150   Code   RO         3408    x$fpl$dadd          fz_wm.l(daddsub_clz.o)
    0x08006bc4   0x08006bc4   0x00000136   Code   RO         3507    x$fpl$dcmp4         fz_wm.l(dcmp4.o)
    0x08006cfa   0x08006cfa   0x00000018   Code   RO         3509    x$fpl$dcmpinf       fz_wm.l(dcmpi.o)
    0x08006d12   0x08006d12   0x00000002   PAD
    0x08006d14   0x08006d14   0x000002b0   Code   RO         3512    x$fpl$ddiv          fz_wm.l(ddiv.o)
    0x08006fc4   0x08006fc4   0x0000005e   Code   RO         3631    x$fpl$dfix          fz_wm.l(dfix.o)
    0x08007022   0x08007022   0x0000002e   Code   RO         3415    x$fpl$dflt          fz_wm.l(dflt_clz.o)
    0x08007050   0x08007050   0x00000026   Code   RO         3414    x$fpl$dfltu         fz_wm.l(dflt_clz.o)
    0x08007076   0x08007076   0x00000002   PAD
    0x08007078   0x08007078   0x00000078   Code   RO         3420    x$fpl$dleqf         fz_wm.l(dleqf.o)
    0x080070f0   0x080070f0   0x00000154   Code   RO         3422    x$fpl$dmul          fz_wm.l(dmul.o)
    0x08007244   0x08007244   0x0000009c   Code   RO         3515    x$fpl$dnaninf       fz_wm.l(dnaninf.o)
    0x080072e0   0x080072e0   0x0000000c   Code   RO         3517    x$fpl$dretinf       fz_wm.l(dretinf.o)
    0x080072ec   0x080072ec   0x0000006c   Code   RO         3424    x$fpl$drleqf        fz_wm.l(drleqf.o)
    0x08007358   0x08007358   0x00000016   Code   RO         3409    x$fpl$drsb          fz_wm.l(daddsub_clz.o)
    0x0800736e   0x0800736e   0x00000002   PAD
    0x08007370   0x08007370   0x00000198   Code   RO         3635    x$fpl$dsqrt         fz_wm.l(dsqrt_umaal.o)
    0x08007508   0x08007508   0x000001d4   Code   RO         3410    x$fpl$dsub          fz_wm.l(daddsub_clz.o)
    0x080076dc   0x080076dc   0x00000056   Code   RO         3426    x$fpl$f2d           fz_wm.l(f2d.o)
    0x08007732   0x08007732   0x0000008c   Code   RO         3519    x$fpl$fnaninf       fz_wm.l(fnaninf.o)
    0x080077be   0x080077be   0x0000000a   Code   RO         3724    x$fpl$fpinit        fz_wm.l(fpinit.o)
    0x080077c8   0x080077c8   0x0000000a   Code   RO         3521    x$fpl$fretinf       fz_wm.l(fretinf.o)
    0x080077d2   0x080077d2   0x00000000   Code   RO         3523    x$fpl$usenofp       fz_wm.l(usenofp.o)
    0x080077d2   0x080077d2   0x00000008   Data   RO         1432    .constdata          stm32f4xx_hal_dma.o
    0x080077da   0x080077da   0x00000018   Data   RO         3032    .constdata          system_stm32f4xx.o
    0x080077f2   0x080077f2   0x00000006   PAD
    0x080077f8   0x080077f8   0x00000050   Data   RO         3431    .constdata          m_wm.l(acos.o)
    0x08007848   0x08007848   0x00000098   Data   RO         3527    .constdata          m_wm.l(atan.o)
    0x080078e0   0x080078e0   0x00000030   Data   RO         3539    .constdata          m_wm.l(cos_i.o)
    0x08007910   0x08007910   0x00000008   Data   RO         3573    .constdata          m_wm.l(qnan.o)
    0x08007918   0x08007918   0x000000c8   Data   RO         3576    .constdata          m_wm.l(rred.o)
    0x080079e0   0x080079e0   0x00000028   Data   RO         3580    .constdata          m_wm.l(sin_i.o)
    0x08007a08   0x08007a08   0x00000020   Data   RO         3780    Region$$Table       anon$$obj.o


    Execution Region RW_IRAM2 (Exec base: 0x10000000, Load base: 0x08007a8c, Size: 0x00000000, Max: 0x00010000, ABSOLUTE)

    **** No section assigned to this execution region ****


    Execution Region RW_IRAM1 (Exec base: 0x20000000, Load base: 0x08007a28, Size: 0x00000eb8, Max: 0x00030000, ABSOLUTE, COMPRESSED[0x00000064])

    Exec Addr    Load Addr    Size         Type   Attr      Idx    E Section Name        Object

    0x20000000   COMPRESSED   0x00000108   Data   RW           18    .data               main.o
    0x20000108   COMPRESSED   0x0000002c   Data   RW          285    .data               can.o
    0x20000134   COMPRESSED   0x00000009   Data   RW         1884    .data               stm32f4xx_hal.o
    0x2000013d   COMPRESSED   0x00000003   PAD
    0x20000140   COMPRESSED   0x00000004   Data   RW         3033    .data               system_stm32f4xx.o
    0x20000144   COMPRESSED   0x00000008   Data   RW         3077    .data               bsp_delay.o
    0x2000014c   COMPRESSED   0x00000034   Data   RW         3224    .data               motor_driver.o
    0x20000180   COMPRESSED   0x00000002   Data   RW         3298    .data               remote_control.o
    0x20000182   COMPRESSED   0x00000002   PAD
    0x20000184   COMPRESSED   0x00000068   Data   RW         3348    .data               wlr_controller.o
    0x200001ec        -       0x000001dc   Zero   RW           17    .bss                main.o
    0x200003c8        -       0x000000b8   Zero   RW          284    .bss                can.o
    0x20000480        -       0x00000054   Zero   RW          369    .bss                i2c.o
    0x200004d4        -       0x0000030c   Zero   RW          413    .bss                usart.o
    0x200007e0        -       0x0000000c   Zero   RW         3223    .bss                motor_driver.o
    0x200007ec        -       0x0000005e   Zero   RW         3297    .bss                remote_control.o
    0x2000084a   COMPRESSED   0x00000002   PAD
    0x2000084c        -       0x0000000c   Zero   RW         3347    .bss                wlr_controller.o
    0x20000858        -       0x00000060   Zero   RW         3640    .bss                c_w.l(libspace.o)
    0x200008b8        -       0x00000200   Zero   RW         3065    HEAP                startup_stm32f427xx.o
    0x20000ab8        -       0x00000400   Zero   RW         3064    STACK               startup_stm32f427xx.o


==============================================================================

Image component sizes


      Code (inc. data)   RO Data    RW Data    ZI Data      Debug   Object Name

       128         20          0          8          0     624772   bsp_delay.o
       156         14          0          0          0       1027   bsp_rc.o
       736         82          0         44        184       4352   can.o
       168          6          0          0          0        930   dma.o
       192          6          0          0          0       1051   gpio.o
       224         24          0          0         84       1857   i2c.o
      4070        640          0        264        476     741576   main.o
      1092        106          0         52         12       5567   motor_driver.o
       530         36          0          2         94       4631   remote_control.o
        64         26        428          0       1536        856   startup_stm32f427xx.o
       212         36          0          9          0       9885   stm32f4xx_hal.o
      2132          6          0          0          0      14527   stm32f4xx_hal_can.o
       304         22          0          0          0      34747   stm32f4xx_hal_cortex.o
      1436         16          8          0          0       7406   stm32f4xx_hal_dma.o
       528         54          0          0          0       1556   stm32f4xx_hal_gpio.o
       464         18          0          0          0       2155   stm32f4xx_hal_i2c.o
       156          0          0          0          0       2043   stm32f4xx_hal_i2c_ex.o
        72          4          0          0          0        942   stm32f4xx_hal_msp.o
      1820         84          0          0          0       5916   stm32f4xx_hal_rcc.o
      2792         38          0          0          0      17224   stm32f4xx_hal_uart.o
       194         60          0          0          0      10057   stm32f4xx_it.o
        20          6         24          4          0       1259   system_stm32f4xx.o
       996         94          0          0        780       3838   usart.o
      2160        210          0        104         12       5455   wlr_controller.o

    ----------------------------------------------------------------------
     20678       1612        498        492       3180    1503629   Object Totals
         0          0         32          0          0          0   (incl. Generated)
        32          4          6          5          2          0   (incl. Padding)

    ----------------------------------------------------------------------

      Code (inc. data)   RO Data    RW Data    ZI Data      Debug   Library Member Name

        58          0          0          0          0          0   __dczerorl.o
         8          0          0          0          0         68   __main.o
         0          0          0          0          0          0   __rtentry.o
        12          0          0          0          0          0   __rtentry2.o
         6          0          0          0          0          0   __rtentry4.o
        52          8          0          0          0          0   __scatter.o
        28          0          0          0          0          0   __scatter_zi.o
        22          0          0          0          0        100   _rserrno.o
        18          0          0          0          0         80   exit.o
         6          0          0          0          0        152   heapauxi.o
         0          0          0          0          0          0   indicate_semi.o
         2          0          0          0          0          0   libinit.o
         6          0          0          0          0          0   libinit2.o
         2          0          0          0          0          0   libshutdown.o
         2          0          0          0          0          0   libshutdown2.o
         8          4          0          0         96         68   libspace.o
       238          0          0          0          0        100   lludivv7m.o
         8          4          0          0          0         68   rt_errno_addr_intlibspace.o
        78          0          0          0          0         80   rt_memclr_w.o
         2          0          0          0          0          0   rtexit.o
        10          0          0          0          0          0   rtexit2.o
        12          4          0          0          0         68   sys_exit.o
        74          0          0          0          0         80   sys_stackheap_outer.o
         2          0          0          0          0         68   use_no_semi.o
        24          0          0          0          0        164   basic.o
        98          4          0          0          0        140   d2f.o
       826         16          0          0          0        492   daddsub_clz.o
       310          8          0          0          0        228   dcmp4.o
        24          0          0          0          0        116   dcmpi.o
       688        140          0          0          0        256   ddiv.o
        94          4          0          0          0        140   dfix.o
        84          0          0          0          0        232   dflt_clz.o
       120          4          0          0          0        140   dleqf.o
       340         12          0          0          0        152   dmul.o
       156          4          0          0          0        140   dnaninf.o
        12          0          0          0          0        116   dretinf.o
       108          0          0          0          0        128   drleqf.o
       408         56          0          0          0        168   dsqrt_umaal.o
        86          4          0          0          0        132   f2d.o
       140          4          0          0          0        132   fnaninf.o
        10          0          0          0          0        116   fpinit.o
        10          0          0          0          0        116   fretinf.o
         0          0          0          0          0          0   usenofp.o
       856        118         80          0          0        288   acos.o
       300         42          0          0          0        176   asinf.o
       744        106        152          0          0        352   atan.o
       496         64          0          0          0        192   atan2.o
       200         20          0          0          0        164   cos.o
       368         46         48          0          0        200   cos_i.o
       104         16          0          0          0        496   dunder.o
        44          0          0          0          0        248   fabs.o
       116          0          0          0          0        164   fmin.o
        48          0          0          0          0        124   fpclassify.o
        38          0          0          0          0        116   fpclassifyf.o
        38         12          0          0          0        348   funder.o
       248          0          0          0          0        152   poly.o
         0          0          8          0          0          0   qnan.o
      1080        142        200          0          0        188   rred.o
       200         20          0          0          0        164   sin.o
       304         24         40          0          0        208   sin_i.o
       110          0          0          0          0        148   sqrt.o
        62          0          0          0          0        136   sqrtf.o

    ----------------------------------------------------------------------
      9568        890        528          0         96       7904   Library Totals
        20          4          0          0          0          0   (incl. Padding)

    ----------------------------------------------------------------------

      Code (inc. data)   RO Data    RW Data    ZI Data      Debug   Library Name

       654         20          0          0         96        932   c_w.l
      3538        256          0          0          0       3108   fz_wm.l
      5356        610        528          0          0       3864   m_wm.l

    ----------------------------------------------------------------------
      9568        890        528          0         96       7904   Library Totals

    ----------------------------------------------------------------------

==============================================================================


      Code (inc. data)   RO Data    RW Data    ZI Data      Debug   

     30246       2502       1026        492       3276    1494269   Grand Totals
     30246       2502       1026        100       3276    1494269   ELF Image Totals (compressed)
     30246       2502       1026        100          0          0   ROM Totals

==============================================================================

    Total RO  Size (Code + RO Data)                31272 (  30.54kB)
    Total RW  Size (RW Data + ZI Data)              3768 (   3.68kB)
    Total ROM Size (Code + RO Data + RW Data)      31372 (  30.64kB)

==============================================================================

